Archive member included to satisfy reference by file (symbol)

d:/7.0/toolchain/avr8/avr8-gnu-toolchain/bin/../lib/gcc/avr/5.4.0/../../../../avr/lib/avr5\libm.a(fixunssfsi.o)
                              TIMER0_prog.o (__fixunssfsi)
d:/7.0/toolchain/avr8/avr8-gnu-toolchain/bin/../lib/gcc/avr/5.4.0/../../../../avr/lib/avr5\libm.a(floatsisf.o)
                              TIMER0_prog.o (__floatsisf)
d:/7.0/toolchain/avr8/avr8-gnu-toolchain/bin/../lib/gcc/avr/5.4.0/../../../../avr/lib/avr5\libm.a(fp_split3.o)
                              d:/7.0/toolchain/avr8/avr8-gnu-toolchain/bin/../lib/gcc/avr/5.4.0/../../../../avr/lib/avr5\libm.a(fixunssfsi.o) (__fp_splitA)
d:/7.0/toolchain/avr8/avr8-gnu-toolchain/bin/../lib/gcc/avr/5.4.0/../../../../avr/lib/avr5\libm.a(fp_zero.o)
                              d:/7.0/toolchain/avr8/avr8-gnu-toolchain/bin/../lib/gcc/avr/5.4.0/../../../../avr/lib/avr5\libm.a(fixunssfsi.o) (__fp_zero)
d:/7.0/toolchain/avr8/avr8-gnu-toolchain/bin/../lib/gcc/avr/5.4.0/../../../../avr/lib/avr5\libm.a(mulsf3.o)
                              TIMER0_prog.o (__mulsf3)
d:/7.0/toolchain/avr8/avr8-gnu-toolchain/bin/../lib/gcc/avr/5.4.0/../../../../avr/lib/avr5\libm.a(mulsf3x.o)
                              d:/7.0/toolchain/avr8/avr8-gnu-toolchain/bin/../lib/gcc/avr/5.4.0/../../../../avr/lib/avr5\libm.a(mulsf3.o) (__mulsf3x)
d:/7.0/toolchain/avr8/avr8-gnu-toolchain/bin/../lib/gcc/avr/5.4.0/../../../../avr/lib/avr5\libm.a(fp_inf.o)
                              d:/7.0/toolchain/avr8/avr8-gnu-toolchain/bin/../lib/gcc/avr/5.4.0/../../../../avr/lib/avr5\libm.a(mulsf3x.o) (__fp_inf)
d:/7.0/toolchain/avr8/avr8-gnu-toolchain/bin/../lib/gcc/avr/5.4.0/../../../../avr/lib/avr5\libm.a(fp_nan.o)
                              d:/7.0/toolchain/avr8/avr8-gnu-toolchain/bin/../lib/gcc/avr/5.4.0/../../../../avr/lib/avr5\libm.a(mulsf3x.o) (__fp_nan)
d:/7.0/toolchain/avr8/avr8-gnu-toolchain/bin/../lib/gcc/avr/5.4.0/../../../../avr/lib/avr5\libm.a(fp_pscA.o)
                              d:/7.0/toolchain/avr8/avr8-gnu-toolchain/bin/../lib/gcc/avr/5.4.0/../../../../avr/lib/avr5\libm.a(mulsf3x.o) (__fp_pscA)
d:/7.0/toolchain/avr8/avr8-gnu-toolchain/bin/../lib/gcc/avr/5.4.0/../../../../avr/lib/avr5\libm.a(fp_pscB.o)
                              d:/7.0/toolchain/avr8/avr8-gnu-toolchain/bin/../lib/gcc/avr/5.4.0/../../../../avr/lib/avr5\libm.a(mulsf3x.o) (__fp_pscB)
d:/7.0/toolchain/avr8/avr8-gnu-toolchain/bin/../lib/gcc/avr/5.4.0/../../../../avr/lib/avr5\libm.a(fp_round.o)
                              d:/7.0/toolchain/avr8/avr8-gnu-toolchain/bin/../lib/gcc/avr/5.4.0/../../../../avr/lib/avr5\libm.a(mulsf3.o) (__fp_round)
d:/7.0/toolchain/avr8/avr8-gnu-toolchain/bin/../lib/gcc/avr/5.4.0/avr5\libgcc.a(_divmodhi4.o)
                              TIMER1_prog.o (__divmodhi4)
d:/7.0/toolchain/avr8/avr8-gnu-toolchain/bin/../lib/gcc/avr/5.4.0/avr5\libgcc.a(_udivmodsi4.o)
                              UltraSonic_prog.o (__udivmodsi4)
d:/7.0/toolchain/avr8/avr8-gnu-toolchain/bin/../lib/gcc/avr/5.4.0/avr5\libgcc.a(_exit.o)
                              D:/7.0/Packs/atmel/ATmega_DFP/1.7.374/gcc/dev/atmega32/avr5/crtatmega32.o (exit)
d:/7.0/toolchain/avr8/avr8-gnu-toolchain/bin/../lib/gcc/avr/5.4.0/avr5\libgcc.a(_copy_data.o)
                              FreeRTOS/heap_2.o (__do_copy_data)
d:/7.0/toolchain/avr8/avr8-gnu-toolchain/bin/../lib/gcc/avr/5.4.0/avr5\libgcc.a(_clear_bss.o)
                              EXTI_prog.o (__do_clear_bss)
d:/7.0/toolchain/avr8/avr8-gnu-toolchain/bin/../lib/gcc/avr/5.4.0/avr5\libgcc.a(_umulhisi3.o)
                              LCD_prog.o (__umulhisi3)
d:/7.0/toolchain/avr8/avr8-gnu-toolchain/bin/../lib/gcc/avr/5.4.0/avr5\libgcc.a(_udivmodhi4.o)
                              d:/7.0/toolchain/avr8/avr8-gnu-toolchain/bin/../lib/gcc/avr/5.4.0/avr5\libgcc.a(_divmodhi4.o) (__udivmodhi4)
d:/7.0/toolchain/avr8/avr8-gnu-toolchain/bin/../lib/gcc/avr/5.4.0/../../../../avr/lib/avr5\libc.a(memcpy.o)
                              FreeRTOS/queue.o (memcpy)

Allocating common symbols
Common symbol       size              file

Rover_state         0x6               Rover_prog.o

Discarded input sections

 .data          0x00000000        0x0 D:/7.0/Packs/atmel/ATmega_DFP/1.7.374/gcc/dev/atmega32/avr5/crtatmega32.o
 .bss           0x00000000        0x0 D:/7.0/Packs/atmel/ATmega_DFP/1.7.374/gcc/dev/atmega32/avr5/crtatmega32.o
 .text          0x00000000        0x0 DIO_prog.o
 .data          0x00000000        0x0 DIO_prog.o
 .bss           0x00000000        0x0 DIO_prog.o
 .text.DIO_voidSetPortDir
                0x00000000       0x20 DIO_prog.o
 .text.DIO_voidSetPortVal
                0x00000000       0x20 DIO_prog.o
 .text          0x00000000        0x0 EXTI_prog.o
 .data          0x00000000        0x0 EXTI_prog.o
 .bss           0x00000000        0x0 EXTI_prog.o
 .text.EXTI_voidInit
                0x00000000       0xb2 EXTI_prog.o
 .text.EXTI_voidINT0Enable
                0x00000000        0x8 EXTI_prog.o
 .text.EXTI_voidINT0Disable
                0x00000000        0x8 EXTI_prog.o
 .text.EXTI_voidINT1Enable
                0x00000000        0x8 EXTI_prog.o
 .text.EXTI_voidINT1Disable
                0x00000000        0x8 EXTI_prog.o
 .text.EXTI_voidINT2Enable
                0x00000000        0x8 EXTI_prog.o
 .text.EXTI_voidINT2Disable
                0x00000000        0x8 EXTI_prog.o
 .text.EXTI_SetCallBack
                0x00000000       0x26 EXTI_prog.o
 .text          0x00000000        0x0 FreeRTOS/heap_2.o
 .data          0x00000000        0x0 FreeRTOS/heap_2.o
 .bss           0x00000000        0x0 FreeRTOS/heap_2.o
 .text.xPortGetFreeHeapSize
                0x00000000        0xa FreeRTOS/heap_2.o
 .text.vPortInitialiseBlocks
                0x00000000        0x2 FreeRTOS/heap_2.o
 .text          0x00000000        0x0 FreeRTOS/list.o
 .data          0x00000000        0x0 FreeRTOS/list.o
 .bss           0x00000000        0x0 FreeRTOS/list.o
 .text          0x00000000        0x0 FreeRTOS/port.o
 .data          0x00000000        0x0 FreeRTOS/port.o
 .bss           0x00000000        0x0 FreeRTOS/port.o
 .text.vPortEndScheduler
                0x00000000        0x2 FreeRTOS/port.o
 .text          0x00000000        0x0 FreeRTOS/queue.o
 .data          0x00000000        0x0 FreeRTOS/queue.o
 .bss           0x00000000        0x0 FreeRTOS/queue.o
 .text.prvIsQueueEmpty
                0x00000000       0x1a FreeRTOS/queue.o
 .text.prvIsQueueFull
                0x00000000       0x1c FreeRTOS/queue.o
 .text.prvCopyDataToQueue
                0x00000000       0xbe FreeRTOS/queue.o
 .text.prvCopyDataFromQueue
                0x00000000       0x34 FreeRTOS/queue.o
 .text.prvUnlockQueue
                0x00000000       0x68 FreeRTOS/queue.o
 .text.xQueueGenericReset
                0x00000000       0x8c FreeRTOS/queue.o
 .text.prvInitialiseNewQueue
                0x00000000       0x26 FreeRTOS/queue.o
 .text.xQueueGenericCreate
                0x00000000       0x54 FreeRTOS/queue.o
 .text.xQueueGenericSend
                0x00000000      0x124 FreeRTOS/queue.o
 .text.prvInitialiseMutex
                0x00000000       0x20 FreeRTOS/queue.o
 .text.xQueueCreateMutex
                0x00000000       0x1c FreeRTOS/queue.o
 .text.xQueueGenericSendFromISR
                0x00000000       0x74 FreeRTOS/queue.o
 .text.xQueueGiveFromISR
                0x00000000       0x52 FreeRTOS/queue.o
 .text.xQueueGenericReceive
                0x00000000      0x182 FreeRTOS/queue.o
 .text.xQueueReceiveFromISR
                0x00000000       0x6e FreeRTOS/queue.o
 .text.xQueuePeekFromISR
                0x00000000       0x2e FreeRTOS/queue.o
 .text.uxQueueMessagesWaiting
                0x00000000       0x10 FreeRTOS/queue.o
 .text.uxQueueSpacesAvailable
                0x00000000       0x16 FreeRTOS/queue.o
 .text.uxQueueMessagesWaitingFromISR
                0x00000000        0x6 FreeRTOS/queue.o
 .text.vQueueDelete
                0x00000000        0x6 FreeRTOS/queue.o
 .text.xQueueIsQueueEmptyFromISR
                0x00000000       0x10 FreeRTOS/queue.o
 .text.xQueueIsQueueFullFromISR
                0x00000000       0x12 FreeRTOS/queue.o
 .text.xQueueCRSend
                0x00000000       0x80 FreeRTOS/queue.o
 .text.xQueueCRReceive
                0x00000000       0x92 FreeRTOS/queue.o
 .text.xQueueCRSendFromISR
                0x00000000       0x4c FreeRTOS/queue.o
 .text.xQueueCRReceiveFromISR
                0x00000000       0x82 FreeRTOS/queue.o
 .debug_info    0x00000000     0x146f FreeRTOS/queue.o
 .debug_abbrev  0x00000000      0x211 FreeRTOS/queue.o
 .debug_loc     0x00000000     0x1b8d FreeRTOS/queue.o
 .debug_aranges
                0x00000000       0xe8 FreeRTOS/queue.o
 .debug_ranges  0x00000000      0x120 FreeRTOS/queue.o
 .debug_line    0x00000000      0xa68 FreeRTOS/queue.o
 .debug_str     0x00000000      0x804 FreeRTOS/queue.o
 .comment       0x00000000       0x31 FreeRTOS/queue.o
 .debug_frame   0x00000000      0x340 FreeRTOS/queue.o
 .text          0x00000000        0x0 FreeRTOS/tasks.o
 .data          0x00000000        0x0 FreeRTOS/tasks.o
 .bss           0x00000000        0x0 FreeRTOS/tasks.o
 .text.prvTaskIsTaskSuspended
                0x00000000       0x2e FreeRTOS/tasks.o
 .text.vTaskPrioritySet
                0x00000000       0xfc FreeRTOS/tasks.o
 .text.vTaskResume
                0x00000000       0x84 FreeRTOS/tasks.o
 .text.xTaskResumeFromISR
                0x00000000       0x90 FreeRTOS/tasks.o
 .text.vTaskEndScheduler
                0x00000000        0xc FreeRTOS/tasks.o
 .text.xTaskGetTickCount
                0x00000000       0x14 FreeRTOS/tasks.o
 .text.xTaskGetTickCountFromISR
                0x00000000        0xa FreeRTOS/tasks.o
 .text.uxTaskGetNumberOfTasks
                0x00000000        0x6 FreeRTOS/tasks.o
 .text.pcTaskGetName
                0x00000000       0x10 FreeRTOS/tasks.o
 .text.vTaskDelayUntil
                0x00000000       0x82 FreeRTOS/tasks.o
 .text.vTaskSuspend
                0x00000000       0x9c FreeRTOS/tasks.o
 .text.vTaskPlaceOnEventList
                0x00000000       0x24 FreeRTOS/tasks.o
 .text.vTaskPlaceOnUnorderedEventList
                0x00000000       0x32 FreeRTOS/tasks.o
 .text.xTaskRemoveFromEventList
                0x00000000       0x90 FreeRTOS/tasks.o
 .text.xTaskRemoveFromUnorderedEventList
                0x00000000       0x74 FreeRTOS/tasks.o
 .text.vTaskSetTimeOutState
                0x00000000       0x16 FreeRTOS/tasks.o
 .text.xTaskCheckForTimeOut
                0x00000000       0x72 FreeRTOS/tasks.o
 .text.vTaskMissedYield
                0x00000000        0x8 FreeRTOS/tasks.o
 .text.xTaskGetCurrentTaskHandle
                0x00000000        0xa FreeRTOS/tasks.o
 .text.vTaskPriorityInherit
                0x00000000       0xc4 FreeRTOS/tasks.o
 .text.xTaskPriorityDisinherit
                0x00000000       0x80 FreeRTOS/tasks.o
 .text.uxTaskResetEventItemValue
                0x00000000       0x2e FreeRTOS/tasks.o
 .text.pvTaskIncrementMutexHeldCount
                0x00000000       0x24 FreeRTOS/tasks.o
 .text.ulTaskNotifyTake
                0x00000000       0xae FreeRTOS/tasks.o
 .text.xTaskNotifyWait
                0x00000000      0x108 FreeRTOS/tasks.o
 .text.xTaskGenericNotify
                0x00000000      0x10a FreeRTOS/tasks.o
 .text.xTaskGenericNotifyFromISR
                0x00000000      0x130 FreeRTOS/tasks.o
 .text.vTaskNotifyGiveFromISR
                0x00000000       0xb6 FreeRTOS/tasks.o
 .text.xTaskNotifyStateClear
                0x00000000       0x28 FreeRTOS/tasks.o
 .text          0x00000000        0x0 GI_prog.o
 .data          0x00000000        0x0 GI_prog.o
 .bss           0x00000000        0x0 GI_prog.o
 .text.GI_voidEnable
                0x00000000        0x8 GI_prog.o
 .text.GI_voidDisable
                0x00000000        0x8 GI_prog.o
 .debug_info    0x00000000       0xa6 GI_prog.o
 .debug_abbrev  0x00000000       0x46 GI_prog.o
 .debug_aranges
                0x00000000       0x28 GI_prog.o
 .debug_ranges  0x00000000       0x18 GI_prog.o
 .debug_line    0x00000000       0x66 GI_prog.o
 .debug_str     0x00000000      0x1bc GI_prog.o
 .comment       0x00000000       0x31 GI_prog.o
 .debug_frame   0x00000000       0x34 GI_prog.o
 .text          0x00000000        0x0 LCD_prog.o
 .data          0x00000000        0x0 LCD_prog.o
 .bss           0x00000000        0x0 LCD_prog.o
 .text.LCD_voidSendCommand_4Bit_Mode
                0x00000000       0x46 LCD_prog.o
 .text.LCD_voidSendData_4Bit_Mode
                0x00000000       0x88 LCD_prog.o
 .text.LCD_voidInit_4bit_Mode
                0x00000000       0x56 LCD_prog.o
 .text.LCD_voidSendString_4Bit_Mode
                0x00000000       0x26 LCD_prog.o
 .text.LCD_voidSendNum_4Bit_Mode
                0x00000000       0x7a LCD_prog.o
 .text.LCD_voidSetCursorPos
                0x00000000       0x1e LCD_prog.o
 .text.LCD_voidSetCursorPos_4Bit_Mode
                0x00000000       0x46 LCD_prog.o
 .text.LCD_voidDrawShape
                0x00000000       0x56 LCD_prog.o
 .text.LCD_voidZigZagDisp
                0x00000000       0x6a LCD_prog.o
 .text.LCD_voidZigZagDisp_4Bit_Mode
                0x00000000       0x6a LCD_prog.o
 .text          0x00000000        0x0 main.o
 .data          0x00000000        0x0 main.o
 .bss           0x00000000        0x0 main.o
 .text          0x00000000        0x0 Rover_prog.o
 .data          0x00000000        0x0 Rover_prog.o
 .bss           0x00000000        0x0 Rover_prog.o
 .text.Radar_LCD_Sweep
                0x00000000       0xe2 Rover_prog.o
 .text.Buzzer_voidToggle
                0x00000000       0x3a Rover_prog.o
 .text          0x00000000        0x0 SG90_prog.o
 .data          0x00000000        0x0 SG90_prog.o
 .bss           0x00000000        0x0 SG90_prog.o
 .text.Servo_SetAngle
                0x00000000       0x12 SG90_prog.o
 .text          0x00000000        0x0 TIMER0_prog.o
 .data          0x00000000        0x0 TIMER0_prog.o
 .bss           0x00000000        0x0 TIMER0_prog.o
 .text.TIMER0_voidInitTimerWithINTEnable
                0x00000000       0x3a TIMER0_prog.o
 .text.TIMER0_voidSetCallBack
                0x00000000       0x1c TIMER0_prog.o
 .text.TIMER0_voidFastPWM
                0x00000000       0x44 TIMER0_prog.o
 .text.TIMER0_voidPCPWM
                0x00000000       0x44 TIMER0_prog.o
 .text          0x00000000        0x0 TIMER1_prog.o
 .data          0x00000000        0x0 TIMER1_prog.o
 .bss           0x00000000        0x0 TIMER1_prog.o
 .text.TIMER1_voidInitTimerWithINTEnable
                0x00000000       0x94 TIMER1_prog.o
 .text.TIMER1_voidSetCallBack
                0x00000000        0x2 TIMER1_prog.o
 .text.TIMER1_void_Fixed_PCPWM
                0x00000000       0xa0 TIMER1_prog.o
 .text.TIMER1_voidSetOCRVal
                0x00000000        0x6 TIMER1_prog.o
 .text.TIMER1_voidFastPWMOCRB
                0x00000000       0x16 TIMER1_prog.o
 .text          0x00000000        0x0 TIMER2_prog.o
 .data          0x00000000        0x0 TIMER2_prog.o
 .bss           0x00000000        0x0 TIMER2_prog.o
 .text.TIMER2_voidInitTimerWithINTEnable
                0x00000000       0x40 TIMER2_prog.o
 .text.TIMER2_voidSetCallBack
                0x00000000       0x1c TIMER2_prog.o
 .text.TIMER2_voidPCPWM
                0x00000000       0x44 TIMER2_prog.o
 .text          0x00000000        0x0 UART_prog.o
 .data          0x00000000        0x0 UART_prog.o
 .bss           0x00000000        0x0 UART_prog.o
 .text.UART_u8RX
                0x00000000        0x8 UART_prog.o
 .text          0x00000000        0x0 UltraSonic_prog.o
 .data          0x00000000        0x0 UltraSonic_prog.o
 .bss           0x00000000        0x0 UltraSonic_prog.o
 .text          0x00000000        0x0 d:/7.0/toolchain/avr8/avr8-gnu-toolchain/bin/../lib/gcc/avr/5.4.0/../../../../avr/lib/avr5\libm.a(fixunssfsi.o)
 .data          0x00000000        0x0 d:/7.0/toolchain/avr8/avr8-gnu-toolchain/bin/../lib/gcc/avr/5.4.0/../../../../avr/lib/avr5\libm.a(fixunssfsi.o)
 .bss           0x00000000        0x0 d:/7.0/toolchain/avr8/avr8-gnu-toolchain/bin/../lib/gcc/avr/5.4.0/../../../../avr/lib/avr5\libm.a(fixunssfsi.o)
 .text          0x00000000        0x0 d:/7.0/toolchain/avr8/avr8-gnu-toolchain/bin/../lib/gcc/avr/5.4.0/../../../../avr/lib/avr5\libm.a(floatsisf.o)
 .data          0x00000000        0x0 d:/7.0/toolchain/avr8/avr8-gnu-toolchain/bin/../lib/gcc/avr/5.4.0/../../../../avr/lib/avr5\libm.a(floatsisf.o)
 .bss           0x00000000        0x0 d:/7.0/toolchain/avr8/avr8-gnu-toolchain/bin/../lib/gcc/avr/5.4.0/../../../../avr/lib/avr5\libm.a(floatsisf.o)
 .text          0x00000000        0x0 d:/7.0/toolchain/avr8/avr8-gnu-toolchain/bin/../lib/gcc/avr/5.4.0/../../../../avr/lib/avr5\libm.a(fp_split3.o)
 .data          0x00000000        0x0 d:/7.0/toolchain/avr8/avr8-gnu-toolchain/bin/../lib/gcc/avr/5.4.0/../../../../avr/lib/avr5\libm.a(fp_split3.o)
 .bss           0x00000000        0x0 d:/7.0/toolchain/avr8/avr8-gnu-toolchain/bin/../lib/gcc/avr/5.4.0/../../../../avr/lib/avr5\libm.a(fp_split3.o)
 .text          0x00000000        0x0 d:/7.0/toolchain/avr8/avr8-gnu-toolchain/bin/../lib/gcc/avr/5.4.0/../../../../avr/lib/avr5\libm.a(fp_zero.o)
 .data          0x00000000        0x0 d:/7.0/toolchain/avr8/avr8-gnu-toolchain/bin/../lib/gcc/avr/5.4.0/../../../../avr/lib/avr5\libm.a(fp_zero.o)
 .bss           0x00000000        0x0 d:/7.0/toolchain/avr8/avr8-gnu-toolchain/bin/../lib/gcc/avr/5.4.0/../../../../avr/lib/avr5\libm.a(fp_zero.o)
 .text          0x00000000        0x0 d:/7.0/toolchain/avr8/avr8-gnu-toolchain/bin/../lib/gcc/avr/5.4.0/../../../../avr/lib/avr5\libm.a(mulsf3.o)
 .data          0x00000000        0x0 d:/7.0/toolchain/avr8/avr8-gnu-toolchain/bin/../lib/gcc/avr/5.4.0/../../../../avr/lib/avr5\libm.a(mulsf3.o)
 .bss           0x00000000        0x0 d:/7.0/toolchain/avr8/avr8-gnu-toolchain/bin/../lib/gcc/avr/5.4.0/../../../../avr/lib/avr5\libm.a(mulsf3.o)
 .text          0x00000000        0x0 d:/7.0/toolchain/avr8/avr8-gnu-toolchain/bin/../lib/gcc/avr/5.4.0/../../../../avr/lib/avr5\libm.a(mulsf3x.o)
 .data          0x00000000        0x0 d:/7.0/toolchain/avr8/avr8-gnu-toolchain/bin/../lib/gcc/avr/5.4.0/../../../../avr/lib/avr5\libm.a(mulsf3x.o)
 .bss           0x00000000        0x0 d:/7.0/toolchain/avr8/avr8-gnu-toolchain/bin/../lib/gcc/avr/5.4.0/../../../../avr/lib/avr5\libm.a(mulsf3x.o)
 .text          0x00000000        0x0 d:/7.0/toolchain/avr8/avr8-gnu-toolchain/bin/../lib/gcc/avr/5.4.0/../../../../avr/lib/avr5\libm.a(fp_inf.o)
 .data          0x00000000        0x0 d:/7.0/toolchain/avr8/avr8-gnu-toolchain/bin/../lib/gcc/avr/5.4.0/../../../../avr/lib/avr5\libm.a(fp_inf.o)
 .bss           0x00000000        0x0 d:/7.0/toolchain/avr8/avr8-gnu-toolchain/bin/../lib/gcc/avr/5.4.0/../../../../avr/lib/avr5\libm.a(fp_inf.o)
 .text          0x00000000        0x0 d:/7.0/toolchain/avr8/avr8-gnu-toolchain/bin/../lib/gcc/avr/5.4.0/../../../../avr/lib/avr5\libm.a(fp_nan.o)
 .data          0x00000000        0x0 d:/7.0/toolchain/avr8/avr8-gnu-toolchain/bin/../lib/gcc/avr/5.4.0/../../../../avr/lib/avr5\libm.a(fp_nan.o)
 .bss           0x00000000        0x0 d:/7.0/toolchain/avr8/avr8-gnu-toolchain/bin/../lib/gcc/avr/5.4.0/../../../../avr/lib/avr5\libm.a(fp_nan.o)
 .text          0x00000000        0x0 d:/7.0/toolchain/avr8/avr8-gnu-toolchain/bin/../lib/gcc/avr/5.4.0/../../../../avr/lib/avr5\libm.a(fp_pscA.o)
 .data          0x00000000        0x0 d:/7.0/toolchain/avr8/avr8-gnu-toolchain/bin/../lib/gcc/avr/5.4.0/../../../../avr/lib/avr5\libm.a(fp_pscA.o)
 .bss           0x00000000        0x0 d:/7.0/toolchain/avr8/avr8-gnu-toolchain/bin/../lib/gcc/avr/5.4.0/../../../../avr/lib/avr5\libm.a(fp_pscA.o)
 .text          0x00000000        0x0 d:/7.0/toolchain/avr8/avr8-gnu-toolchain/bin/../lib/gcc/avr/5.4.0/../../../../avr/lib/avr5\libm.a(fp_pscB.o)
 .data          0x00000000        0x0 d:/7.0/toolchain/avr8/avr8-gnu-toolchain/bin/../lib/gcc/avr/5.4.0/../../../../avr/lib/avr5\libm.a(fp_pscB.o)
 .bss           0x00000000        0x0 d:/7.0/toolchain/avr8/avr8-gnu-toolchain/bin/../lib/gcc/avr/5.4.0/../../../../avr/lib/avr5\libm.a(fp_pscB.o)
 .text          0x00000000        0x0 d:/7.0/toolchain/avr8/avr8-gnu-toolchain/bin/../lib/gcc/avr/5.4.0/../../../../avr/lib/avr5\libm.a(fp_round.o)
 .data          0x00000000        0x0 d:/7.0/toolchain/avr8/avr8-gnu-toolchain/bin/../lib/gcc/avr/5.4.0/../../../../avr/lib/avr5\libm.a(fp_round.o)
 .bss           0x00000000        0x0 d:/7.0/toolchain/avr8/avr8-gnu-toolchain/bin/../lib/gcc/avr/5.4.0/../../../../avr/lib/avr5\libm.a(fp_round.o)
 .text          0x00000000        0x0 d:/7.0/toolchain/avr8/avr8-gnu-toolchain/bin/../lib/gcc/avr/5.4.0/avr5\libgcc.a(_divmodhi4.o)
 .data          0x00000000        0x0 d:/7.0/toolchain/avr8/avr8-gnu-toolchain/bin/../lib/gcc/avr/5.4.0/avr5\libgcc.a(_divmodhi4.o)
 .bss           0x00000000        0x0 d:/7.0/toolchain/avr8/avr8-gnu-toolchain/bin/../lib/gcc/avr/5.4.0/avr5\libgcc.a(_divmodhi4.o)
 .text.libgcc.mul
                0x00000000        0x0 d:/7.0/toolchain/avr8/avr8-gnu-toolchain/bin/../lib/gcc/avr/5.4.0/avr5\libgcc.a(_divmodhi4.o)
 .text.libgcc.div
                0x00000000       0x28 d:/7.0/toolchain/avr8/avr8-gnu-toolchain/bin/../lib/gcc/avr/5.4.0/avr5\libgcc.a(_divmodhi4.o)
 .text.libgcc   0x00000000        0x0 d:/7.0/toolchain/avr8/avr8-gnu-toolchain/bin/../lib/gcc/avr/5.4.0/avr5\libgcc.a(_divmodhi4.o)
 .text.libgcc.prologue
                0x00000000        0x0 d:/7.0/toolchain/avr8/avr8-gnu-toolchain/bin/../lib/gcc/avr/5.4.0/avr5\libgcc.a(_divmodhi4.o)
 .text.libgcc.builtins
                0x00000000        0x0 d:/7.0/toolchain/avr8/avr8-gnu-toolchain/bin/../lib/gcc/avr/5.4.0/avr5\libgcc.a(_divmodhi4.o)
 .text.libgcc.fmul
                0x00000000        0x0 d:/7.0/toolchain/avr8/avr8-gnu-toolchain/bin/../lib/gcc/avr/5.4.0/avr5\libgcc.a(_divmodhi4.o)
 .text.libgcc.fixed
                0x00000000        0x0 d:/7.0/toolchain/avr8/avr8-gnu-toolchain/bin/../lib/gcc/avr/5.4.0/avr5\libgcc.a(_divmodhi4.o)
 .text          0x00000000        0x0 d:/7.0/toolchain/avr8/avr8-gnu-toolchain/bin/../lib/gcc/avr/5.4.0/avr5\libgcc.a(_udivmodsi4.o)
 .data          0x00000000        0x0 d:/7.0/toolchain/avr8/avr8-gnu-toolchain/bin/../lib/gcc/avr/5.4.0/avr5\libgcc.a(_udivmodsi4.o)
 .bss           0x00000000        0x0 d:/7.0/toolchain/avr8/avr8-gnu-toolchain/bin/../lib/gcc/avr/5.4.0/avr5\libgcc.a(_udivmodsi4.o)
 .text.libgcc.mul
                0x00000000        0x0 d:/7.0/toolchain/avr8/avr8-gnu-toolchain/bin/../lib/gcc/avr/5.4.0/avr5\libgcc.a(_udivmodsi4.o)
 .text.libgcc   0x00000000        0x0 d:/7.0/toolchain/avr8/avr8-gnu-toolchain/bin/../lib/gcc/avr/5.4.0/avr5\libgcc.a(_udivmodsi4.o)
 .text.libgcc.prologue
                0x00000000        0x0 d:/7.0/toolchain/avr8/avr8-gnu-toolchain/bin/../lib/gcc/avr/5.4.0/avr5\libgcc.a(_udivmodsi4.o)
 .text.libgcc.builtins
                0x00000000        0x0 d:/7.0/toolchain/avr8/avr8-gnu-toolchain/bin/../lib/gcc/avr/5.4.0/avr5\libgcc.a(_udivmodsi4.o)
 .text.libgcc.fmul
                0x00000000        0x0 d:/7.0/toolchain/avr8/avr8-gnu-toolchain/bin/../lib/gcc/avr/5.4.0/avr5\libgcc.a(_udivmodsi4.o)
 .text.libgcc.fixed
                0x00000000        0x0 d:/7.0/toolchain/avr8/avr8-gnu-toolchain/bin/../lib/gcc/avr/5.4.0/avr5\libgcc.a(_udivmodsi4.o)
 .text          0x00000000        0x0 d:/7.0/toolchain/avr8/avr8-gnu-toolchain/bin/../lib/gcc/avr/5.4.0/avr5\libgcc.a(_exit.o)
 .data          0x00000000        0x0 d:/7.0/toolchain/avr8/avr8-gnu-toolchain/bin/../lib/gcc/avr/5.4.0/avr5\libgcc.a(_exit.o)
 .bss           0x00000000        0x0 d:/7.0/toolchain/avr8/avr8-gnu-toolchain/bin/../lib/gcc/avr/5.4.0/avr5\libgcc.a(_exit.o)
 .text.libgcc.mul
                0x00000000        0x0 d:/7.0/toolchain/avr8/avr8-gnu-toolchain/bin/../lib/gcc/avr/5.4.0/avr5\libgcc.a(_exit.o)
 .text.libgcc.div
                0x00000000        0x0 d:/7.0/toolchain/avr8/avr8-gnu-toolchain/bin/../lib/gcc/avr/5.4.0/avr5\libgcc.a(_exit.o)
 .text.libgcc   0x00000000        0x0 d:/7.0/toolchain/avr8/avr8-gnu-toolchain/bin/../lib/gcc/avr/5.4.0/avr5\libgcc.a(_exit.o)
 .text.libgcc.prologue
                0x00000000        0x0 d:/7.0/toolchain/avr8/avr8-gnu-toolchain/bin/../lib/gcc/avr/5.4.0/avr5\libgcc.a(_exit.o)
 .text.libgcc.builtins
                0x00000000        0x0 d:/7.0/toolchain/avr8/avr8-gnu-toolchain/bin/../lib/gcc/avr/5.4.0/avr5\libgcc.a(_exit.o)
 .text.libgcc.fmul
                0x00000000        0x0 d:/7.0/toolchain/avr8/avr8-gnu-toolchain/bin/../lib/gcc/avr/5.4.0/avr5\libgcc.a(_exit.o)
 .text.libgcc.fixed
                0x00000000        0x0 d:/7.0/toolchain/avr8/avr8-gnu-toolchain/bin/../lib/gcc/avr/5.4.0/avr5\libgcc.a(_exit.o)
 .text          0x00000000        0x0 d:/7.0/toolchain/avr8/avr8-gnu-toolchain/bin/../lib/gcc/avr/5.4.0/avr5\libgcc.a(_copy_data.o)
 .data          0x00000000        0x0 d:/7.0/toolchain/avr8/avr8-gnu-toolchain/bin/../lib/gcc/avr/5.4.0/avr5\libgcc.a(_copy_data.o)
 .bss           0x00000000        0x0 d:/7.0/toolchain/avr8/avr8-gnu-toolchain/bin/../lib/gcc/avr/5.4.0/avr5\libgcc.a(_copy_data.o)
 .text.libgcc.mul
                0x00000000        0x0 d:/7.0/toolchain/avr8/avr8-gnu-toolchain/bin/../lib/gcc/avr/5.4.0/avr5\libgcc.a(_copy_data.o)
 .text.libgcc.div
                0x00000000        0x0 d:/7.0/toolchain/avr8/avr8-gnu-toolchain/bin/../lib/gcc/avr/5.4.0/avr5\libgcc.a(_copy_data.o)
 .text.libgcc   0x00000000        0x0 d:/7.0/toolchain/avr8/avr8-gnu-toolchain/bin/../lib/gcc/avr/5.4.0/avr5\libgcc.a(_copy_data.o)
 .text.libgcc.prologue
                0x00000000        0x0 d:/7.0/toolchain/avr8/avr8-gnu-toolchain/bin/../lib/gcc/avr/5.4.0/avr5\libgcc.a(_copy_data.o)
 .text.libgcc.builtins
                0x00000000        0x0 d:/7.0/toolchain/avr8/avr8-gnu-toolchain/bin/../lib/gcc/avr/5.4.0/avr5\libgcc.a(_copy_data.o)
 .text.libgcc.fmul
                0x00000000        0x0 d:/7.0/toolchain/avr8/avr8-gnu-toolchain/bin/../lib/gcc/avr/5.4.0/avr5\libgcc.a(_copy_data.o)
 .text.libgcc.fixed
                0x00000000        0x0 d:/7.0/toolchain/avr8/avr8-gnu-toolchain/bin/../lib/gcc/avr/5.4.0/avr5\libgcc.a(_copy_data.o)
 .text          0x00000000        0x0 d:/7.0/toolchain/avr8/avr8-gnu-toolchain/bin/../lib/gcc/avr/5.4.0/avr5\libgcc.a(_clear_bss.o)
 .data          0x00000000        0x0 d:/7.0/toolchain/avr8/avr8-gnu-toolchain/bin/../lib/gcc/avr/5.4.0/avr5\libgcc.a(_clear_bss.o)
 .bss           0x00000000        0x0 d:/7.0/toolchain/avr8/avr8-gnu-toolchain/bin/../lib/gcc/avr/5.4.0/avr5\libgcc.a(_clear_bss.o)
 .text.libgcc.mul
                0x00000000        0x0 d:/7.0/toolchain/avr8/avr8-gnu-toolchain/bin/../lib/gcc/avr/5.4.0/avr5\libgcc.a(_clear_bss.o)
 .text.libgcc.div
                0x00000000        0x0 d:/7.0/toolchain/avr8/avr8-gnu-toolchain/bin/../lib/gcc/avr/5.4.0/avr5\libgcc.a(_clear_bss.o)
 .text.libgcc   0x00000000        0x0 d:/7.0/toolchain/avr8/avr8-gnu-toolchain/bin/../lib/gcc/avr/5.4.0/avr5\libgcc.a(_clear_bss.o)
 .text.libgcc.prologue
                0x00000000        0x0 d:/7.0/toolchain/avr8/avr8-gnu-toolchain/bin/../lib/gcc/avr/5.4.0/avr5\libgcc.a(_clear_bss.o)
 .text.libgcc.builtins
                0x00000000        0x0 d:/7.0/toolchain/avr8/avr8-gnu-toolchain/bin/../lib/gcc/avr/5.4.0/avr5\libgcc.a(_clear_bss.o)
 .text.libgcc.fmul
                0x00000000        0x0 d:/7.0/toolchain/avr8/avr8-gnu-toolchain/bin/../lib/gcc/avr/5.4.0/avr5\libgcc.a(_clear_bss.o)
 .text.libgcc.fixed
                0x00000000        0x0 d:/7.0/toolchain/avr8/avr8-gnu-toolchain/bin/../lib/gcc/avr/5.4.0/avr5\libgcc.a(_clear_bss.o)
 .text          0x00000000        0x0 d:/7.0/toolchain/avr8/avr8-gnu-toolchain/bin/../lib/gcc/avr/5.4.0/avr5\libgcc.a(_umulhisi3.o)
 .data          0x00000000        0x0 d:/7.0/toolchain/avr8/avr8-gnu-toolchain/bin/../lib/gcc/avr/5.4.0/avr5\libgcc.a(_umulhisi3.o)
 .bss           0x00000000        0x0 d:/7.0/toolchain/avr8/avr8-gnu-toolchain/bin/../lib/gcc/avr/5.4.0/avr5\libgcc.a(_umulhisi3.o)
 .text.libgcc.div
                0x00000000        0x0 d:/7.0/toolchain/avr8/avr8-gnu-toolchain/bin/../lib/gcc/avr/5.4.0/avr5\libgcc.a(_umulhisi3.o)
 .text.libgcc   0x00000000        0x0 d:/7.0/toolchain/avr8/avr8-gnu-toolchain/bin/../lib/gcc/avr/5.4.0/avr5\libgcc.a(_umulhisi3.o)
 .text.libgcc.prologue
                0x00000000        0x0 d:/7.0/toolchain/avr8/avr8-gnu-toolchain/bin/../lib/gcc/avr/5.4.0/avr5\libgcc.a(_umulhisi3.o)
 .text.libgcc.builtins
                0x00000000        0x0 d:/7.0/toolchain/avr8/avr8-gnu-toolchain/bin/../lib/gcc/avr/5.4.0/avr5\libgcc.a(_umulhisi3.o)
 .text.libgcc.fmul
                0x00000000        0x0 d:/7.0/toolchain/avr8/avr8-gnu-toolchain/bin/../lib/gcc/avr/5.4.0/avr5\libgcc.a(_umulhisi3.o)
 .text.libgcc.fixed
                0x00000000        0x0 d:/7.0/toolchain/avr8/avr8-gnu-toolchain/bin/../lib/gcc/avr/5.4.0/avr5\libgcc.a(_umulhisi3.o)
 .text          0x00000000        0x0 d:/7.0/toolchain/avr8/avr8-gnu-toolchain/bin/../lib/gcc/avr/5.4.0/avr5\libgcc.a(_udivmodhi4.o)
 .data          0x00000000        0x0 d:/7.0/toolchain/avr8/avr8-gnu-toolchain/bin/../lib/gcc/avr/5.4.0/avr5\libgcc.a(_udivmodhi4.o)
 .bss           0x00000000        0x0 d:/7.0/toolchain/avr8/avr8-gnu-toolchain/bin/../lib/gcc/avr/5.4.0/avr5\libgcc.a(_udivmodhi4.o)
 .text.libgcc.mul
                0x00000000        0x0 d:/7.0/toolchain/avr8/avr8-gnu-toolchain/bin/../lib/gcc/avr/5.4.0/avr5\libgcc.a(_udivmodhi4.o)
 .text.libgcc.div
                0x00000000       0x28 d:/7.0/toolchain/avr8/avr8-gnu-toolchain/bin/../lib/gcc/avr/5.4.0/avr5\libgcc.a(_udivmodhi4.o)
 .text.libgcc   0x00000000        0x0 d:/7.0/toolchain/avr8/avr8-gnu-toolchain/bin/../lib/gcc/avr/5.4.0/avr5\libgcc.a(_udivmodhi4.o)
 .text.libgcc.prologue
                0x00000000        0x0 d:/7.0/toolchain/avr8/avr8-gnu-toolchain/bin/../lib/gcc/avr/5.4.0/avr5\libgcc.a(_udivmodhi4.o)
 .text.libgcc.builtins
                0x00000000        0x0 d:/7.0/toolchain/avr8/avr8-gnu-toolchain/bin/../lib/gcc/avr/5.4.0/avr5\libgcc.a(_udivmodhi4.o)
 .text.libgcc.fmul
                0x00000000        0x0 d:/7.0/toolchain/avr8/avr8-gnu-toolchain/bin/../lib/gcc/avr/5.4.0/avr5\libgcc.a(_udivmodhi4.o)
 .text.libgcc.fixed
                0x00000000        0x0 d:/7.0/toolchain/avr8/avr8-gnu-toolchain/bin/../lib/gcc/avr/5.4.0/avr5\libgcc.a(_udivmodhi4.o)
 .text          0x00000000        0x0 d:/7.0/toolchain/avr8/avr8-gnu-toolchain/bin/../lib/gcc/avr/5.4.0/../../../../avr/lib/avr5\libc.a(memcpy.o)
 .data          0x00000000        0x0 d:/7.0/toolchain/avr8/avr8-gnu-toolchain/bin/../lib/gcc/avr/5.4.0/../../../../avr/lib/avr5\libc.a(memcpy.o)
 .bss           0x00000000        0x0 d:/7.0/toolchain/avr8/avr8-gnu-toolchain/bin/../lib/gcc/avr/5.4.0/../../../../avr/lib/avr5\libc.a(memcpy.o)
 .text.avr-libc
                0x00000000       0x12 d:/7.0/toolchain/avr8/avr8-gnu-toolchain/bin/../lib/gcc/avr/5.4.0/../../../../avr/lib/avr5\libc.a(memcpy.o)

Memory Configuration

Name             Origin             Length             Attributes
text             0x00000000         0x00008000         xr
data             0x00800060         0x00000800         rw !x
eeprom           0x00810000         0x00000400         rw !x
fuse             0x00820000         0x00000002         rw !x
lock             0x00830000         0x00000400         rw !x
signature        0x00840000         0x00000400         rw !x
user_signatures  0x00850000         0x00000400         rw !x
*default*        0x00000000         0xffffffff

Linker script and memory map

LOAD D:/7.0/Packs/atmel/ATmega_DFP/1.7.374/gcc/dev/atmega32/avr5/crtatmega32.o
LOAD DIO_prog.o
LOAD EXTI_prog.o
LOAD FreeRTOS/heap_2.o
LOAD FreeRTOS/list.o
LOAD FreeRTOS/port.o
LOAD FreeRTOS/queue.o
LOAD FreeRTOS/tasks.o
LOAD GI_prog.o
LOAD LCD_prog.o
LOAD main.o
LOAD Rover_prog.o
LOAD SG90_prog.o
LOAD TIMER0_prog.o
LOAD TIMER1_prog.o
LOAD TIMER2_prog.o
LOAD UART_prog.o
LOAD UltraSonic_prog.o
START GROUP
LOAD d:/7.0/toolchain/avr8/avr8-gnu-toolchain/bin/../lib/gcc/avr/5.4.0/../../../../avr/lib/avr5\libm.a
END GROUP
START GROUP
LOAD d:/7.0/toolchain/avr8/avr8-gnu-toolchain/bin/../lib/gcc/avr/5.4.0/avr5\libgcc.a
LOAD d:/7.0/toolchain/avr8/avr8-gnu-toolchain/bin/../lib/gcc/avr/5.4.0/../../../../avr/lib/avr5\libm.a
LOAD d:/7.0/toolchain/avr8/avr8-gnu-toolchain/bin/../lib/gcc/avr/5.4.0/../../../../avr/lib/avr5\libc.a
LOAD D:/7.0/Packs/atmel/ATmega_DFP/1.7.374/gcc/dev/atmega32/avr5\libatmega32.a
END GROUP
                0x00000000                __TEXT_REGION_ORIGIN__ = DEFINED (__TEXT_REGION_ORIGIN__)?__TEXT_REGION_ORIGIN__:0x0
                [0x00800060]                __DATA_REGION_ORIGIN__ = DEFINED (__DATA_REGION_ORIGIN__)?__DATA_REGION_ORIGIN__:0x800060
                [0x00008000]                __TEXT_REGION_LENGTH__ = DEFINED (__TEXT_REGION_LENGTH__)?__TEXT_REGION_LENGTH__:0x20000
                [0x00000800]                __DATA_REGION_LENGTH__ = DEFINED (__DATA_REGION_LENGTH__)?__DATA_REGION_LENGTH__:0xffa0
                [0x00000400]                __EEPROM_REGION_LENGTH__ = DEFINED (__EEPROM_REGION_LENGTH__)?__EEPROM_REGION_LENGTH__:0x10000
                [0x00000002]                __FUSE_REGION_LENGTH__ = DEFINED (__FUSE_REGION_LENGTH__)?__FUSE_REGION_LENGTH__:0x400
                0x00000400                __LOCK_REGION_LENGTH__ = DEFINED (__LOCK_REGION_LENGTH__)?__LOCK_REGION_LENGTH__:0x400
                0x00000400                __SIGNATURE_REGION_LENGTH__ = DEFINED (__SIGNATURE_REGION_LENGTH__)?__SIGNATURE_REGION_LENGTH__:0x400
                0x00000400                __USER_SIGNATURE_REGION_LENGTH__ = DEFINED (__USER_SIGNATURE_REGION_LENGTH__)?__USER_SIGNATURE_REGION_LENGTH__:0x400

.hash
 *(.hash)

.dynsym
 *(.dynsym)

.dynstr
 *(.dynstr)

.gnu.version
 *(.gnu.version)

.gnu.version_d
 *(.gnu.version_d)

.gnu.version_r
 *(.gnu.version_r)

.rel.init
 *(.rel.init)

.rela.init
 *(.rela.init)

.rel.text
 *(.rel.text)
 *(.rel.text.*)
 *(.rel.gnu.linkonce.t*)

.rela.text
 *(.rela.text)
 *(.rela.text.*)
 *(.rela.gnu.linkonce.t*)

.rel.fini
 *(.rel.fini)

.rela.fini
 *(.rela.fini)

.rel.rodata
 *(.rel.rodata)
 *(.rel.rodata.*)
 *(.rel.gnu.linkonce.r*)

.rela.rodata
 *(.rela.rodata)
 *(.rela.rodata.*)
 *(.rela.gnu.linkonce.r*)

.rel.data
 *(.rel.data)
 *(.rel.data.*)
 *(.rel.gnu.linkonce.d*)

.rela.data
 *(.rela.data)
 *(.rela.data.*)
 *(.rela.gnu.linkonce.d*)

.rel.ctors
 *(.rel.ctors)

.rela.ctors
 *(.rela.ctors)

.rel.dtors
 *(.rel.dtors)

.rela.dtors
 *(.rela.dtors)

.rel.got
 *(.rel.got)

.rela.got
 *(.rela.got)

.rel.bss
 *(.rel.bss)

.rela.bss
 *(.rela.bss)

.rel.plt
 *(.rel.plt)

.rela.plt
 *(.rela.plt)

.text           0x00000000     0x1eba
 *(.vectors)
 .vectors       0x00000000       0x54 D:/7.0/Packs/atmel/ATmega_DFP/1.7.374/gcc/dev/atmega32/avr5/crtatmega32.o
                0x00000000                __vector_default
                0x00000000                __vectors
 *(.vectors)
 *(.progmem.gcc*)
                0x00000054                . = ALIGN (0x2)
                0x00000054                __trampolines_start = .
 *(.trampolines)
 .trampolines   0x00000054        0x0 linker stubs
 *(.trampolines*)
                0x00000054                __trampolines_end = .
 *libprintf_flt.a:*(.progmem.data)
 *libc.a:*(.progmem.data)
 *(.progmem*)
                0x00000054                . = ALIGN (0x2)
 *(.jumptables)
 *(.jumptables*)
 *(.lowtext)
 *(.lowtext*)
                0x00000054                __ctors_start = .
 *(.ctors)
                0x00000054                __ctors_end = .
                0x00000054                __dtors_start = .
 *(.dtors)
                0x00000054                __dtors_end = .
 SORT(*)(.ctors)
 SORT(*)(.dtors)
 *(.init0)
 .init0         0x00000054        0x0 D:/7.0/Packs/atmel/ATmega_DFP/1.7.374/gcc/dev/atmega32/avr5/crtatmega32.o
                0x00000054                __init
 *(.init0)
 *(.init1)
 *(.init1)
 *(.init2)
 .init2         0x00000054        0xc D:/7.0/Packs/atmel/ATmega_DFP/1.7.374/gcc/dev/atmega32/avr5/crtatmega32.o
 *(.init2)
 *(.init3)
 *(.init3)
 *(.init4)
 .init4         0x00000060       0x16 d:/7.0/toolchain/avr8/avr8-gnu-toolchain/bin/../lib/gcc/avr/5.4.0/avr5\libgcc.a(_copy_data.o)
                0x00000060                __do_copy_data
 .init4         0x00000076       0x10 d:/7.0/toolchain/avr8/avr8-gnu-toolchain/bin/../lib/gcc/avr/5.4.0/avr5\libgcc.a(_clear_bss.o)
                0x00000076                __do_clear_bss
 *(.init4)
 *(.init5)
 *(.init5)
 *(.init6)
 *(.init6)
 *(.init7)
 *(.init7)
 *(.init8)
 *(.init8)
 *(.init9)
 .init9         0x00000086        0x8 D:/7.0/Packs/atmel/ATmega_DFP/1.7.374/gcc/dev/atmega32/avr5/crtatmega32.o
 *(.init9)
 *(.text)
 .text          0x0000008e        0x4 D:/7.0/Packs/atmel/ATmega_DFP/1.7.374/gcc/dev/atmega32/avr5/crtatmega32.o
                0x0000008e                __vector_12
                0x0000008e                __bad_interrupt
                0x0000008e                __vector_6
                0x0000008e                __vector_13
                0x0000008e                __vector_17
                0x0000008e                __vector_19
                0x0000008e                __vector_9
                0x0000008e                __vector_15
                0x0000008e                __vector_8
                0x0000008e                __vector_14
                0x0000008e                __vector_16
                0x0000008e                __vector_18
                0x0000008e                __vector_20
                0x00000092                . = ALIGN (0x2)
 *(.text.*)
 .text.DIO_voidSetPinDir
                0x00000092       0xe0 DIO_prog.o
                0x00000092                DIO_voidSetPinDir
 .text.DIO_voidSetPinVal
                0x00000172       0xe0 DIO_prog.o
                0x00000172                DIO_voidSetPinVal
 .text.DIO_u8GetPinVal
                0x00000252       0x5c DIO_prog.o
                0x00000252                DIO_u8GetPinVal
 .text.__vector_1
                0x000002ae       0x4e EXTI_prog.o
                0x000002ae                __vector_1
 .text.__vector_2
                0x000002fc       0x4e EXTI_prog.o
                0x000002fc                __vector_2
 .text.__vector_3
                0x0000034a       0x4e EXTI_prog.o
                0x0000034a                __vector_3
 .text.prvHeapInit
                0x00000398       0x36 FreeRTOS/heap_2.o
 .text.pvPortMalloc
                0x000003ce       0xf8 FreeRTOS/heap_2.o
                0x000003ce                pvPortMalloc
 .text.vPortFree
                0x000004c6       0x66 FreeRTOS/heap_2.o
                0x000004c6                vPortFree
 .text.vListInitialise
                0x0000052c       0x1c FreeRTOS/list.o
                0x0000052c                vListInitialise
 .text.vListInitialiseItem
                0x00000548        0x8 FreeRTOS/list.o
                0x00000548                vListInitialiseItem
 .text.vListInsertEnd
                0x00000550       0x42 FreeRTOS/list.o
                0x00000550                vListInsertEnd
 .text.vListInsert
                0x00000592       0x62 FreeRTOS/list.o
                0x00000592                vListInsert
 .text.uxListRemove
                0x000005f4       0x4c FreeRTOS/list.o
                0x000005f4                uxListRemove
 .text.prvSetupTimerInterrupt
                0x00000640       0x12 FreeRTOS/port.o
 .text.pxPortInitialiseStack
                0x00000652       0xd8 FreeRTOS/port.o
                0x00000652                pxPortInitialiseStack
 .text.xPortStartScheduler
                0x0000072a       0x5e FreeRTOS/port.o
                0x0000072a                xPortStartScheduler
 .text.vPortYield
                0x00000788       0xb2 FreeRTOS/port.o
                0x00000788                vPortYield
 .text.vPortYieldFromTick
                0x0000083a       0xb8 FreeRTOS/port.o
                0x0000083a                vPortYieldFromTick
 .text.__vector_7
                0x000008f2        0x6 FreeRTOS/port.o
                0x000008f2                __vector_7
 .text.prvResetNextTaskUnblockTime
                0x000008f8       0x3e FreeRTOS/tasks.o
 .text.prvDeleteTCB
                0x00000936       0x1a FreeRTOS/tasks.o
 .text.prvInitialiseNewTask
                0x00000950       0xd6 FreeRTOS/tasks.o
 .text.prvInitialiseTaskLists
                0x00000a26       0x6e FreeRTOS/tasks.o
 .text.prvAddNewTaskToReadyList
                0x00000a94       0xb8 FreeRTOS/tasks.o
 .text.prvAddCurrentTaskToDelayedList
                0x00000b4c       0xb0 FreeRTOS/tasks.o
 .text.xTaskCreate
                0x00000bfc       0xa8 FreeRTOS/tasks.o
                0x00000bfc                xTaskCreate
 .text.vTaskDelete
                0x00000ca4       0xa2 FreeRTOS/tasks.o
                0x00000ca4                vTaskDelete
 .text.vTaskStartScheduler
                0x00000d46       0x54 FreeRTOS/tasks.o
                0x00000d46                vTaskStartScheduler
 .text.vTaskSuspendAll
                0x00000d9a        0xc FreeRTOS/tasks.o
                0x00000d9a                vTaskSuspendAll
 .text.xTaskIncrementTick
                0x00000da6      0x174 FreeRTOS/tasks.o
                0x00000da6                xTaskIncrementTick
 .text.xTaskResumeAll
                0x00000f1a       0xe4 FreeRTOS/tasks.o
                0x00000f1a                xTaskResumeAll
 .text.vTaskDelay
                0x00000ffe       0x2c FreeRTOS/tasks.o
                0x00000ffe                vTaskDelay
 .text.prvCheckTasksWaitingTermination
                0x0000102a       0x5c FreeRTOS/tasks.o
 .text.prvIdleTask
                0x00001086        0x6 FreeRTOS/tasks.o
 .text.vTaskSwitchContext
                0x0000108c       0xa8 FreeRTOS/tasks.o
                0x0000108c                vTaskSwitchContext
 .text.LCD_voidSendLowerNibble
                0x00001134       0x64 LCD_prog.o
                0x00001134                LCD_voidSendLowerNibble
 .text.LCD_voidSetEnable
                0x00001198       0x22 LCD_prog.o
                0x00001198                LCD_voidSetEnable
 .text.LCD_voidSendCommand
                0x000011ba       0x34 LCD_prog.o
                0x000011ba                LCD_voidSendCommand
 .text.LCD_voidSendData
                0x000011ee       0x34 LCD_prog.o
                0x000011ee                LCD_voidSendData
 .text.LCD_voidInit
                0x00001222       0x3e LCD_prog.o
                0x00001222                LCD_voidInit
 .text.LCD_voidSendString
                0x00001260       0x1a LCD_prog.o
                0x00001260                LCD_voidSendString
 .text.LCD_voidSendNum
                0x0000127a       0xce LCD_prog.o
                0x0000127a                LCD_voidSendNum
 .text.LCD_SetGridPos
                0x00001348       0x10 LCD_prog.o
                0x00001348                LCD_SetGridPos
 .text.main     0x00001358       0x74 main.o
                0x00001358                main
 .text.Radar_LCD_Init
                0x000013cc       0x64 Rover_prog.o
                0x000013cc                Radar_LCD_Init
 .text.Rover_voidMotorsInit
                0x00001430       0x34 Rover_prog.o
                0x00001430                Rover_voidMotorsInit
 .text.Rover_voidMOVFWD
                0x00001464       0x3c Rover_prog.o
                0x00001464                Rover_voidMOVFWD
 .text.Rover_voidMOVBCWD
                0x000014a0       0x3c Rover_prog.o
                0x000014a0                Rover_voidMOVBCWD
 .text.Rover_voidMOVRW
                0x000014dc       0x3c Rover_prog.o
                0x000014dc                Rover_voidMOVRW
 .text.Rover_voidMOVLF
                0x00001518       0x3c Rover_prog.o
                0x00001518                Rover_voidMOVLF
 .text.Rover_voidStop
                0x00001554       0x36 Rover_prog.o
                0x00001554                Rover_voidStop
 .text.ROVER_LCD_PrintStatus
                0x0000158a       0xf0 Rover_prog.o
                0x0000158a                ROVER_LCD_PrintStatus
 .text.IrSensor_voidInit
                0x0000167a       0x2a Rover_prog.o
                0x0000167a                IrSensor_voidInit
 .text.IrSensor_GetDir
                0x000016a4       0x36 Rover_prog.o
                0x000016a4                IrSensor_GetDir
 .text.Buzzer_voidInit
                0x000016da        0xc Rover_prog.o
                0x000016da                Buzzer_voidInit
 .text.RoverTransmit_Init
                0x000016e6        0x6 Rover_prog.o
                0x000016e6                RoverTransmit_Init
 .text.SendNumber
                0x000016ec       0xb0 Rover_prog.o
                0x000016ec                SendNumber
 .text.RoverTransmitStatus
                0x0000179c       0x92 Rover_prog.o
                0x0000179c                RoverTransmitStatus
 .text.vTask_RoverInit
                0x0000182e       0x1e Rover_prog.o
                0x0000182e                vTask_RoverInit
 .text.vTask_RoverMove
                0x0000184c       0xc8 Rover_prog.o
                0x0000184c                vTask_RoverMove
 .text.vTask_DataDisplay
                0x00001914       0x12 Rover_prog.o
                0x00001914                vTask_DataDisplay
 .text.vTask_SensorRead
                0x00001926       0x1e Rover_prog.o
                0x00001926                vTask_SensorRead
 .text.vTask_BT_SendStatus
                0x00001944        0xe Rover_prog.o
                0x00001944                vTask_BT_SendStatus
 .text.Servo_Init
                0x00001952       0x10 SG90_prog.o
                0x00001952                Servo_Init
 .text.__vector_11
                0x00001962       0x4e TIMER0_prog.o
                0x00001962                __vector_11
 .text.__vector_10
                0x000019b0       0x4e TIMER0_prog.o
                0x000019b0                __vector_10
 .text.TIMER1_voidFastPWMICR1
                0x000019fe       0x80 TIMER1_prog.o
                0x000019fe                TIMER1_voidFastPWMICR1
 .text.TIMER2_voidFastPWM
                0x00001a7e       0x44 TIMER2_prog.o
                0x00001a7e                TIMER2_voidFastPWM
 .text.__vector_5
                0x00001ac2       0x4e TIMER2_prog.o
                0x00001ac2                __vector_5
 .text.__vector_4
                0x00001b10       0x4e TIMER2_prog.o
                0x00001b10                __vector_4
 .text.UART_voidInit
                0x00001b5e       0x16 UART_prog.o
                0x00001b5e                UART_voidInit
 .text.UART_voidTX
                0x00001b74        0x8 UART_prog.o
                0x00001b74                UART_voidTX
 .text.UltraSonic_Sendpulse
                0x00001b7c       0x1e UltraSonic_prog.o
                0x00001b7c                UltraSonic_Sendpulse
 .text.UltraSonic_Read_Echo
                0x00001b9a       0x46 UltraSonic_prog.o
                0x00001b9a                UltraSonic_Read_Echo
 .text.UltraSonic_Calc_Distance
                0x00001be0       0x20 UltraSonic_prog.o
                0x00001be0                UltraSonic_Calc_Distance
 .text.avr-libc.fplib
                0x00001c00       0x5e d:/7.0/toolchain/avr8/avr8-gnu-toolchain/bin/../lib/gcc/avr/5.4.0/../../../../avr/lib/avr5\libm.a(fixunssfsi.o)
                0x00001c00                __fixunssfsi
 .text.avr-libc.fplib
                0x00001c5e       0x7a d:/7.0/toolchain/avr8/avr8-gnu-toolchain/bin/../lib/gcc/avr/5.4.0/../../../../avr/lib/avr5\libm.a(floatsisf.o)
                0x00001c5e                __floatunsisf
                0x00001c62                __floatsisf
 .text.avr-libc.fplib
                0x00001cd8       0x44 d:/7.0/toolchain/avr8/avr8-gnu-toolchain/bin/../lib/gcc/avr/5.4.0/../../../../avr/lib/avr5\libm.a(fp_split3.o)
                0x00001cd8                __fp_split3
                0x00001ce8                __fp_splitA
 .text.avr-libc.fplib
                0x00001d1c        0xe d:/7.0/toolchain/avr8/avr8-gnu-toolchain/bin/../lib/gcc/avr/5.4.0/../../../../avr/lib/avr5\libm.a(fp_zero.o)
                0x00001d1c                __fp_zero
                0x00001d1e                __fp_szero
 .text.avr-libc.fplib
                0x00001d2a        0x8 d:/7.0/toolchain/avr8/avr8-gnu-toolchain/bin/../lib/gcc/avr/5.4.0/../../../../avr/lib/avr5\libm.a(mulsf3.o)
                0x00001d2a                __mulsf3
 .text.avr-libc.fplib
                0x00001d32       0xd2 d:/7.0/toolchain/avr8/avr8-gnu-toolchain/bin/../lib/gcc/avr/5.4.0/../../../../avr/lib/avr5\libm.a(mulsf3x.o)
                0x00001d50                __mulsf3x
                0x00001d56                __mulsf3_pse
 .text.avr-libc.fplib
                0x00001e04        0xc d:/7.0/toolchain/avr8/avr8-gnu-toolchain/bin/../lib/gcc/avr/5.4.0/../../../../avr/lib/avr5\libm.a(fp_inf.o)
                0x00001e04                __fp_inf
 .text.avr-libc.fplib
                0x00001e10        0x6 d:/7.0/toolchain/avr8/avr8-gnu-toolchain/bin/../lib/gcc/avr/5.4.0/../../../../avr/lib/avr5\libm.a(fp_nan.o)
                0x00001e10                __fp_nan
 .text.avr-libc.fplib
                0x00001e16        0xe d:/7.0/toolchain/avr8/avr8-gnu-toolchain/bin/../lib/gcc/avr/5.4.0/../../../../avr/lib/avr5\libm.a(fp_pscA.o)
                0x00001e16                __fp_pscA
 .text.avr-libc.fplib
                0x00001e24        0xe d:/7.0/toolchain/avr8/avr8-gnu-toolchain/bin/../lib/gcc/avr/5.4.0/../../../../avr/lib/avr5\libm.a(fp_pscB.o)
                0x00001e24                __fp_pscB
 .text.avr-libc.fplib
                0x00001e32       0x22 d:/7.0/toolchain/avr8/avr8-gnu-toolchain/bin/../lib/gcc/avr/5.4.0/../../../../avr/lib/avr5\libm.a(fp_round.o)
                0x00001e32                __fp_round
 .text.libgcc.div
                0x00001e54       0x44 d:/7.0/toolchain/avr8/avr8-gnu-toolchain/bin/../lib/gcc/avr/5.4.0/avr5\libgcc.a(_udivmodsi4.o)
                0x00001e54                __udivmodsi4
 .text.libgcc.mul
                0x00001e98       0x1e d:/7.0/toolchain/avr8/avr8-gnu-toolchain/bin/../lib/gcc/avr/5.4.0/avr5\libgcc.a(_umulhisi3.o)
                0x00001e98                __umulhisi3
                0x00001eb6                . = ALIGN (0x2)
 *(.fini9)
 .fini9         0x00001eb6        0x0 d:/7.0/toolchain/avr8/avr8-gnu-toolchain/bin/../lib/gcc/avr/5.4.0/avr5\libgcc.a(_exit.o)
                0x00001eb6                _exit
                0x00001eb6                exit
 *(.fini9)
 *(.fini8)
 *(.fini8)
 *(.fini7)
 *(.fini7)
 *(.fini6)
 *(.fini6)
 *(.fini5)
 *(.fini5)
 *(.fini4)
 *(.fini4)
 *(.fini3)
 *(.fini3)
 *(.fini2)
 *(.fini2)
 *(.fini1)
 *(.fini1)
 *(.fini0)
 .fini0         0x00001eb6        0x4 d:/7.0/toolchain/avr8/avr8-gnu-toolchain/bin/../lib/gcc/avr/5.4.0/avr5\libgcc.a(_exit.o)
 *(.fini0)
                0x00001eba                _etext = .

.data           0x00800060       0x5a load address 0x00001eba
                0x00800060                PROVIDE (__data_start, .)
 *(.data)
 *(.data*)
 .data.xFreeBytesRemaining
                0x00800060        0x2 FreeRTOS/heap_2.o
 *(.gnu.linkonce.d*)
 *(.rodata)
 *(.rodata*)
 .rodata.str1.1
                0x00800062        0x5 FreeRTOS/tasks.o
 .rodata.str1.1
                0x00800067       0x27 main.o
 .rodata.str1.1
                0x0080008e       0x2c Rover_prog.o
                                 0x2e (size before relaxing)
 *(.gnu.linkonce.r*)
                0x008000ba                . = ALIGN (0x2)
                0x008000ba                _edata = .
                0x008000ba                PROVIDE (__data_end, .)

.bss            0x008000ba      0x462
                0x008000ba                PROVIDE (__bss_start, .)
 *(.bss)
 *(.bss*)
 .bss.INT_2_PTR
                0x008000ba        0x2 EXTI_prog.o
                0x008000ba                INT_2_PTR
 .bss.INT_1_PTR
                0x008000bc        0x2 EXTI_prog.o
                0x008000bc                INT_1_PTR
 .bss.INT_0_PTR
                0x008000be        0x2 EXTI_prog.o
                0x008000be                INT_0_PTR
 .bss.xHeapHasBeenInitialised.2079
                0x008000c0        0x1 FreeRTOS/heap_2.o
 .bss.xEnd      0x008000c1        0x4 FreeRTOS/heap_2.o
 .bss.xStart    0x008000c5        0x4 FreeRTOS/heap_2.o
 .bss.ucHeap    0x008000c9      0x3e8 FreeRTOS/heap_2.o
 .bss.uxSchedulerSuspended
                0x008004b1        0x1 FreeRTOS/tasks.o
 .bss.xIdleTaskHandle
                0x008004b2        0x2 FreeRTOS/tasks.o
 .bss.xNextTaskUnblockTime
                0x008004b4        0x2 FreeRTOS/tasks.o
 .bss.uxTaskNumber
                0x008004b6        0x1 FreeRTOS/tasks.o
 .bss.xNumOfOverflows
                0x008004b7        0x1 FreeRTOS/tasks.o
 .bss.xYieldPending
                0x008004b8        0x1 FreeRTOS/tasks.o
 .bss.uxPendedTicks
                0x008004b9        0x1 FreeRTOS/tasks.o
 .bss.xSchedulerRunning
                0x008004ba        0x1 FreeRTOS/tasks.o
 .bss.uxTopReadyPriority
                0x008004bb        0x1 FreeRTOS/tasks.o
 .bss.xTickCount
                0x008004bc        0x2 FreeRTOS/tasks.o
 .bss.uxCurrentNumberOfTasks
                0x008004be        0x1 FreeRTOS/tasks.o
 .bss.xSuspendedTaskList
                0x008004bf        0x9 FreeRTOS/tasks.o
 .bss.uxDeletedTasksWaitingCleanUp
                0x008004c8        0x1 FreeRTOS/tasks.o
 .bss.xTasksWaitingTermination
                0x008004c9        0x9 FreeRTOS/tasks.o
 .bss.xPendingReadyList
                0x008004d2        0x9 FreeRTOS/tasks.o
 .bss.pxOverflowDelayedTaskList
                0x008004db        0x2 FreeRTOS/tasks.o
 .bss.pxDelayedTaskList
                0x008004dd        0x2 FreeRTOS/tasks.o
 .bss.xDelayedTaskList2
                0x008004df        0x9 FreeRTOS/tasks.o
 .bss.xDelayedTaskList1
                0x008004e8        0x9 FreeRTOS/tasks.o
 .bss.pxReadyTasksLists
                0x008004f1       0x1b FreeRTOS/tasks.o
 .bss.pxCurrentTCB
                0x0080050c        0x2 FreeRTOS/tasks.o
                0x0080050c                pxCurrentTCB
 .bss.CTC_ptr   0x0080050e        0x2 TIMER0_prog.o
 .bss.OVF_ptr   0x00800510        0x2 TIMER0_prog.o
 .bss.CTC_ptr   0x00800512        0x2 TIMER2_prog.o
 .bss.OVF_ptr   0x00800514        0x2 TIMER2_prog.o
 *(COMMON)
 COMMON         0x00800516        0x6 Rover_prog.o
                0x00800516                Rover_state
                0x0080051c                PROVIDE (__bss_end, .)
                0x00001eba                __data_load_start = LOADADDR (.data)
                0x00001f14                __data_load_end = (__data_load_start + SIZEOF (.data))

.noinit         0x0080051c        0x0
                [!provide]                PROVIDE (__noinit_start, .)
 *(.noinit*)
                [!provide]                PROVIDE (__noinit_end, .)
                0x0080051c                _end = .
                [!provide]                PROVIDE (__heap_start, .)

.eeprom         0x00810000        0x0
 *(.eeprom*)
                0x00810000                __eeprom_end = .

.fuse
 *(.fuse)
 *(.lfuse)
 *(.hfuse)
 *(.efuse)

.lock
 *(.lock*)

.signature
 *(.signature*)

.user_signatures
 *(.user_signatures*)

.stab
 *(.stab)

.stabstr
 *(.stabstr)

.stab.excl
 *(.stab.excl)

.stab.exclstr
 *(.stab.exclstr)

.stab.index
 *(.stab.index)

.stab.indexstr
 *(.stab.indexstr)

.comment        0x00000000       0x30
 *(.comment)
 .comment       0x00000000       0x30 DIO_prog.o
                                 0x31 (size before relaxing)
 .comment       0x00000030       0x31 EXTI_prog.o
 .comment       0x00000030       0x31 FreeRTOS/heap_2.o
 .comment       0x00000030       0x31 FreeRTOS/list.o
 .comment       0x00000030       0x31 FreeRTOS/port.o
 .comment       0x00000030       0x31 FreeRTOS/tasks.o
 .comment       0x00000030       0x31 LCD_prog.o
 .comment       0x00000030       0x31 main.o
 .comment       0x00000030       0x31 Rover_prog.o
 .comment       0x00000030       0x31 SG90_prog.o
 .comment       0x00000030       0x31 TIMER0_prog.o
 .comment       0x00000030       0x31 TIMER1_prog.o
 .comment       0x00000030       0x31 TIMER2_prog.o
 .comment       0x00000030       0x31 UART_prog.o
 .comment       0x00000030       0x31 UltraSonic_prog.o

.note.gnu.avr.deviceinfo
                0x00000000       0x3c
 .note.gnu.avr.deviceinfo
                0x00000000       0x3c D:/7.0/Packs/atmel/ATmega_DFP/1.7.374/gcc/dev/atmega32/avr5/crtatmega32.o

.note.gnu.build-id
 *(.note.gnu.build-id)

.debug
 *(.debug)

.line
 *(.line)

.debug_srcinfo
 *(.debug_srcinfo)

.debug_sfnames
 *(.debug_sfnames)

.debug_aranges  0x00000000      0x5e8
 *(.debug_aranges)
 .debug_aranges
                0x00000000       0x40 DIO_prog.o
 .debug_aranges
                0x00000040       0x70 EXTI_prog.o
 .debug_aranges
                0x000000b0       0x40 FreeRTOS/heap_2.o
 .debug_aranges
                0x000000f0       0x40 FreeRTOS/list.o
 .debug_aranges
                0x00000130       0x50 FreeRTOS/port.o
 .debug_aranges
                0x00000180      0x180 FreeRTOS/tasks.o
 .debug_aranges
                0x00000300       0xa8 LCD_prog.o
 .debug_aranges
                0x000003a8       0x20 main.o
 .debug_aranges
                0x000003c8       0xc0 Rover_prog.o
 .debug_aranges
                0x00000488       0x28 SG90_prog.o
 .debug_aranges
                0x000004b0       0x48 TIMER0_prog.o
 .debug_aranges
                0x000004f8       0x48 TIMER1_prog.o
 .debug_aranges
                0x00000540       0x48 TIMER2_prog.o
 .debug_aranges
                0x00000588       0x30 UART_prog.o
 .debug_aranges
                0x000005b8       0x30 UltraSonic_prog.o

.debug_pubnames
 *(.debug_pubnames)

.debug_info     0x00000000     0x5914
 *(.debug_info .gnu.linkonce.wi.*)
 .debug_info    0x00000000      0x4e6 D:/7.0/Packs/atmel/ATmega_DFP/1.7.374/gcc/dev/atmega32/avr5/crtatmega32.o
 .debug_info    0x000004e6      0x1b2 DIO_prog.o
 .debug_info    0x00000698      0x1ef EXTI_prog.o
 .debug_info    0x00000887      0x329 FreeRTOS/heap_2.o
 .debug_info    0x00000bb0      0x2cd FreeRTOS/list.o
 .debug_info    0x00000e7d      0x24e FreeRTOS/port.o
 .debug_info    0x000010cb     0x1c9f FreeRTOS/tasks.o
 .debug_info    0x00002d6a      0xdf7 LCD_prog.o
 .debug_info    0x00003b61      0x220 main.o
 .debug_info    0x00003d81     0x1246 Rover_prog.o
 .debug_info    0x00004fc7      0x144 SG90_prog.o
 .debug_info    0x0000510b      0x188 TIMER0_prog.o
 .debug_info    0x00005293      0x1b6 TIMER1_prog.o
 .debug_info    0x00005449      0x188 TIMER2_prog.o
 .debug_info    0x000055d1       0xe4 UART_prog.o
 .debug_info    0x000056b5      0x25f UltraSonic_prog.o

.debug_abbrev   0x00000000     0x1663
 *(.debug_abbrev)
 .debug_abbrev  0x00000000      0x4a3 D:/7.0/Packs/atmel/ATmega_DFP/1.7.374/gcc/dev/atmega32/avr5/crtatmega32.o
 .debug_abbrev  0x000004a3       0xa9 DIO_prog.o
 .debug_abbrev  0x0000054c       0xc6 EXTI_prog.o
 .debug_abbrev  0x00000612      0x1a0 FreeRTOS/heap_2.o
 .debug_abbrev  0x000007b2       0xf8 FreeRTOS/list.o
 .debug_abbrev  0x000008aa      0x143 FreeRTOS/port.o
 .debug_abbrev  0x000009ed      0x2bf FreeRTOS/tasks.o
 .debug_abbrev  0x00000cac      0x241 LCD_prog.o
 .debug_abbrev  0x00000eed       0x81 main.o
 .debug_abbrev  0x00000f6e      0x217 Rover_prog.o
 .debug_abbrev  0x00001185       0xa7 SG90_prog.o
 .debug_abbrev  0x0000122c       0xc6 TIMER0_prog.o
 .debug_abbrev  0x000012f2       0xaa TIMER1_prog.o
 .debug_abbrev  0x0000139c       0xc6 TIMER2_prog.o
 .debug_abbrev  0x00001462       0x80 UART_prog.o
 .debug_abbrev  0x000014e2      0x181 UltraSonic_prog.o

.debug_line     0x00000000     0x326c
 *(.debug_line .debug_line.* .debug_line_end)
 .debug_line    0x00000000      0x116 D:/7.0/Packs/atmel/ATmega_DFP/1.7.374/gcc/dev/atmega32/avr5/crtatmega32.o
 .debug_line    0x00000116      0x183 DIO_prog.o
 .debug_line    0x00000299      0x210 EXTI_prog.o
 .debug_line    0x000004a9      0x25c FreeRTOS/heap_2.o
 .debug_line    0x00000705      0x1b1 FreeRTOS/list.o
 .debug_line    0x000008b6      0x283 FreeRTOS/port.o
 .debug_line    0x00000b39     0x1136 FreeRTOS/tasks.o
 .debug_line    0x00001c6f      0x627 LCD_prog.o
 .debug_line    0x00002296       0x75 main.o
 .debug_line    0x0000230b      0x80b Rover_prog.o
 .debug_line    0x00002b16       0x9d SG90_prog.o
 .debug_line    0x00002bb3      0x162 TIMER0_prog.o
 .debug_line    0x00002d15      0x1c3 TIMER1_prog.o
 .debug_line    0x00002ed8      0x168 TIMER2_prog.o
 .debug_line    0x00003040       0xb0 UART_prog.o
 .debug_line    0x000030f0      0x17c UltraSonic_prog.o

.debug_frame    0x00000000     0x1098
 *(.debug_frame)
 .debug_frame   0x00000000       0x64 DIO_prog.o
 .debug_frame   0x00000064      0x19c EXTI_prog.o
 .debug_frame   0x00000200       0x8c FreeRTOS/heap_2.o
 .debug_frame   0x0000028c       0x88 FreeRTOS/list.o
 .debug_frame   0x00000314       0x84 FreeRTOS/port.o
 .debug_frame   0x00000398      0x5c4 FreeRTOS/tasks.o
 .debug_frame   0x0000095c      0x204 LCD_prog.o
 .debug_frame   0x00000b60       0x24 main.o
 .debug_frame   0x00000b84      0x1d4 Rover_prog.o
 .debug_frame   0x00000d58       0x34 SG90_prog.o
 .debug_frame   0x00000d8c      0x104 TIMER0_prog.o
 .debug_frame   0x00000e90       0x74 TIMER1_prog.o
 .debug_frame   0x00000f04      0x104 TIMER2_prog.o
 .debug_frame   0x00001008       0x44 UART_prog.o
 .debug_frame   0x0000104c       0x4c UltraSonic_prog.o

.debug_str      0x00000000     0x19c3
 *(.debug_str)
 .debug_str     0x00000000      0x196 D:/7.0/Packs/atmel/ATmega_DFP/1.7.374/gcc/dev/atmega32/avr5/crtatmega32.o
 .debug_str     0x00000196      0x211 DIO_prog.o
                                0x233 (size before relaxing)
 .debug_str     0x000003a7      0x124 EXTI_prog.o
                                0x2b4 (size before relaxing)
 .debug_str     0x000004cb      0x1e7 FreeRTOS/heap_2.o
                                0x309 (size before relaxing)
 .debug_str     0x000006b2      0x13c FreeRTOS/list.o
                                0x2c0 (size before relaxing)
 .debug_str     0x000007ee      0x11f FreeRTOS/port.o
                                0x2b9 (size before relaxing)
 .debug_str     0x0000090d      0x938 FreeRTOS/tasks.o
                                0xccc (size before relaxing)
 .debug_str     0x00001245      0x26a LCD_prog.o
                                0x450 (size before relaxing)
 .debug_str     0x000014af       0x11 main.o
                                0x1c5 (size before relaxing)
 .debug_str     0x000014c0      0x255 Rover_prog.o
                                0x4e1 (size before relaxing)
 .debug_str     0x00001715       0x4b SG90_prog.o
                                0x1eb (size before relaxing)
 .debug_str     0x00001760       0xb5 TIMER0_prog.o
                                0x245 (size before relaxing)
 .debug_str     0x00001815       0xb7 TIMER1_prog.o
                                0x298 (size before relaxing)
 .debug_str     0x000018cc       0x73 TIMER2_prog.o
                                0x243 (size before relaxing)
 .debug_str     0x0000193f       0x20 UART_prog.o
                                0x1d6 (size before relaxing)
 .debug_str     0x0000195f       0x64 UltraSonic_prog.o
                                0x299 (size before relaxing)

.debug_loc      0x00000000     0x448e
 *(.debug_loc)
 .debug_loc     0x00000000      0x2a0 DIO_prog.o
 .debug_loc     0x000002a0      0x2cd EXTI_prog.o
 .debug_loc     0x0000056d      0x2a8 FreeRTOS/heap_2.o
 .debug_loc     0x00000815      0x145 FreeRTOS/list.o
 .debug_loc     0x0000095a      0x2a0 FreeRTOS/port.o
 .debug_loc     0x00000bfa     0x1f4f FreeRTOS/tasks.o
 .debug_loc     0x00002b49      0xdeb LCD_prog.o
 .debug_loc     0x00003934      0x516 Rover_prog.o
 .debug_loc     0x00003e4a       0x5d SG90_prog.o
 .debug_loc     0x00003ea7      0x228 TIMER0_prog.o
 .debug_loc     0x000040cf       0x7c TIMER1_prog.o
 .debug_loc     0x0000414b      0x228 TIMER2_prog.o
 .debug_loc     0x00004373      0x11b UltraSonic_prog.o

.debug_macinfo
 *(.debug_macinfo)

.debug_weaknames
 *(.debug_weaknames)

.debug_funcnames
 *(.debug_funcnames)

.debug_typenames
 *(.debug_typenames)

.debug_varnames
 *(.debug_varnames)

.debug_pubtypes
 *(.debug_pubtypes)

.debug_ranges   0x00000000      0x538
 *(.debug_ranges)
 .debug_ranges  0x00000000       0x30 DIO_prog.o
 .debug_ranges  0x00000030       0x60 EXTI_prog.o
 .debug_ranges  0x00000090       0x30 FreeRTOS/heap_2.o
 .debug_ranges  0x000000c0       0x30 FreeRTOS/list.o
 .debug_ranges  0x000000f0       0x40 FreeRTOS/port.o
 .debug_ranges  0x00000130      0x1b0 FreeRTOS/tasks.o
 .debug_ranges  0x000002e0       0x98 LCD_prog.o
 .debug_ranges  0x00000378       0x10 main.o
 .debug_ranges  0x00000388       0xb0 Rover_prog.o
 .debug_ranges  0x00000438       0x18 SG90_prog.o
 .debug_ranges  0x00000450       0x38 TIMER0_prog.o
 .debug_ranges  0x00000488       0x38 TIMER1_prog.o
 .debug_ranges  0x000004c0       0x38 TIMER2_prog.o
 .debug_ranges  0x000004f8       0x20 UART_prog.o
 .debug_ranges  0x00000518       0x20 UltraSonic_prog.o

.debug_macro
 *(.debug_macro)
OUTPUT(Rover_Test1.elf elf32-avr)
LOAD linker stubs
