Archive member included to satisfy reference by file (symbol)

d:/7.0/toolchain/avr8/avr8-gnu-toolchain/bin/../lib/gcc/avr/5.4.0/../../../../avr/lib/avr5\libm.a(fixunssfsi.o)
                              TIMER0_prog.o (__fixunssfsi)
d:/7.0/toolchain/avr8/avr8-gnu-toolchain/bin/../lib/gcc/avr/5.4.0/../../../../avr/lib/avr5\libm.a(floatsisf.o)
                              TIMER0_prog.o (__floatsisf)
d:/7.0/toolchain/avr8/avr8-gnu-toolchain/bin/../lib/gcc/avr/5.4.0/../../../../avr/lib/avr5\libm.a(fp_split3.o)
                              d:/7.0/toolchain/avr8/avr8-gnu-toolchain/bin/../lib/gcc/avr/5.4.0/../../../../avr/lib/avr5\libm.a(fixunssfsi.o) (__fp_splitA)
d:/7.0/toolchain/avr8/avr8-gnu-toolchain/bin/../lib/gcc/avr/5.4.0/../../../../avr/lib/avr5\libm.a(fp_zero.o)
                              d:/7.0/toolchain/avr8/avr8-gnu-toolchain/bin/../lib/gcc/avr/5.4.0/../../../../avr/lib/avr5\libm.a(fixunssfsi.o) (__fp_zero)
d:/7.0/toolchain/avr8/avr8-gnu-toolchain/bin/../lib/gcc/avr/5.4.0/../../../../avr/lib/avr5\libm.a(mulsf3.o)
                              TIMER0_prog.o (__mulsf3)
d:/7.0/toolchain/avr8/avr8-gnu-toolchain/bin/../lib/gcc/avr/5.4.0/../../../../avr/lib/avr5\libm.a(mulsf3x.o)
                              d:/7.0/toolchain/avr8/avr8-gnu-toolchain/bin/../lib/gcc/avr/5.4.0/../../../../avr/lib/avr5\libm.a(mulsf3.o) (__mulsf3x)
d:/7.0/toolchain/avr8/avr8-gnu-toolchain/bin/../lib/gcc/avr/5.4.0/../../../../avr/lib/avr5\libm.a(fp_inf.o)
                              d:/7.0/toolchain/avr8/avr8-gnu-toolchain/bin/../lib/gcc/avr/5.4.0/../../../../avr/lib/avr5\libm.a(mulsf3x.o) (__fp_inf)
d:/7.0/toolchain/avr8/avr8-gnu-toolchain/bin/../lib/gcc/avr/5.4.0/../../../../avr/lib/avr5\libm.a(fp_nan.o)
                              d:/7.0/toolchain/avr8/avr8-gnu-toolchain/bin/../lib/gcc/avr/5.4.0/../../../../avr/lib/avr5\libm.a(mulsf3x.o) (__fp_nan)
d:/7.0/toolchain/avr8/avr8-gnu-toolchain/bin/../lib/gcc/avr/5.4.0/../../../../avr/lib/avr5\libm.a(fp_pscA.o)
                              d:/7.0/toolchain/avr8/avr8-gnu-toolchain/bin/../lib/gcc/avr/5.4.0/../../../../avr/lib/avr5\libm.a(mulsf3x.o) (__fp_pscA)
d:/7.0/toolchain/avr8/avr8-gnu-toolchain/bin/../lib/gcc/avr/5.4.0/../../../../avr/lib/avr5\libm.a(fp_pscB.o)
                              d:/7.0/toolchain/avr8/avr8-gnu-toolchain/bin/../lib/gcc/avr/5.4.0/../../../../avr/lib/avr5\libm.a(mulsf3x.o) (__fp_pscB)
d:/7.0/toolchain/avr8/avr8-gnu-toolchain/bin/../lib/gcc/avr/5.4.0/../../../../avr/lib/avr5\libm.a(fp_round.o)
                              d:/7.0/toolchain/avr8/avr8-gnu-toolchain/bin/../lib/gcc/avr/5.4.0/../../../../avr/lib/avr5\libm.a(mulsf3.o) (__fp_round)
d:/7.0/toolchain/avr8/avr8-gnu-toolchain/bin/../lib/gcc/avr/5.4.0/avr5\libgcc.a(_divmodhi4.o)
                              TIMER1_prog.o (__divmodhi4)
d:/7.0/toolchain/avr8/avr8-gnu-toolchain/bin/../lib/gcc/avr/5.4.0/avr5\libgcc.a(_udivmodsi4.o)
                              UltraSonic_prog.o (__udivmodsi4)
d:/7.0/toolchain/avr8/avr8-gnu-toolchain/bin/../lib/gcc/avr/5.4.0/avr5\libgcc.a(_exit.o)
                              D:/7.0/Packs/atmel/ATmega_DFP/1.7.374/gcc/dev/atmega32/avr5/crtatmega32.o (exit)
d:/7.0/toolchain/avr8/avr8-gnu-toolchain/bin/../lib/gcc/avr/5.4.0/avr5\libgcc.a(_copy_data.o)
                              FreeRTOS/heap_2.o (__do_copy_data)
d:/7.0/toolchain/avr8/avr8-gnu-toolchain/bin/../lib/gcc/avr/5.4.0/avr5\libgcc.a(_clear_bss.o)
                              EXTI_prog.o (__do_clear_bss)
d:/7.0/toolchain/avr8/avr8-gnu-toolchain/bin/../lib/gcc/avr/5.4.0/avr5\libgcc.a(_umulhisi3.o)
                              LCD_prog.o (__umulhisi3)
d:/7.0/toolchain/avr8/avr8-gnu-toolchain/bin/../lib/gcc/avr/5.4.0/avr5\libgcc.a(_udivmodhi4.o)
                              d:/7.0/toolchain/avr8/avr8-gnu-toolchain/bin/../lib/gcc/avr/5.4.0/avr5\libgcc.a(_divmodhi4.o) (__udivmodhi4)
d:/7.0/toolchain/avr8/avr8-gnu-toolchain/bin/../lib/gcc/avr/5.4.0/../../../../avr/lib/avr5\libc.a(memcpy.o)
                              FreeRTOS/queue.o (memcpy)

Allocating common symbols
Common symbol       size              file

Rover_state         0x6               Rover_prog.o

Discarded input sections

 .data          0x00000000        0x0 D:/7.0/Packs/atmel/ATmega_DFP/1.7.374/gcc/dev/atmega32/avr5/crtatmega32.o
 .bss           0x00000000        0x0 D:/7.0/Packs/atmel/ATmega_DFP/1.7.374/gcc/dev/atmega32/avr5/crtatmega32.o
 .text          0x00000000        0x0 DIO_prog.o
 .data          0x00000000        0x0 DIO_prog.o
 .bss           0x00000000        0x0 DIO_prog.o
 .text.DIO_voidSetPortDir
                0x00000000       0x20 DIO_prog.o
 .text.DIO_voidSetPortVal
                0x00000000       0x20 DIO_prog.o
 .text          0x00000000        0x0 EXTI_prog.o
 .data          0x00000000        0x0 EXTI_prog.o
 .bss           0x00000000        0x0 EXTI_prog.o
 .text.EXTI_voidInit
                0x00000000       0xb2 EXTI_prog.o
 .text.EXTI_voidINT0Enable
                0x00000000        0x8 EXTI_prog.o
 .text.EXTI_voidINT0Disable
                0x00000000        0x8 EXTI_prog.o
 .text.EXTI_voidINT1Enable
                0x00000000        0x8 EXTI_prog.o
 .text.EXTI_voidINT1Disable
                0x00000000        0x8 EXTI_prog.o
 .text.EXTI_voidINT2Enable
                0x00000000        0x8 EXTI_prog.o
 .text.EXTI_voidINT2Disable
                0x00000000        0x8 EXTI_prog.o
 .text.EXTI_SetCallBack
                0x00000000       0x26 EXTI_prog.o
 .text          0x00000000        0x0 FreeRTOS/heap_2.o
 .data          0x00000000        0x0 FreeRTOS/heap_2.o
 .bss           0x00000000        0x0 FreeRTOS/heap_2.o
 .text.xPortGetFreeHeapSize
                0x00000000        0xa FreeRTOS/heap_2.o
 .text.vPortInitialiseBlocks
                0x00000000        0x2 FreeRTOS/heap_2.o
 .text          0x00000000        0x0 FreeRTOS/list.o
 .data          0x00000000        0x0 FreeRTOS/list.o
 .bss           0x00000000        0x0 FreeRTOS/list.o
 .text          0x00000000        0x0 FreeRTOS/port.o
 .data          0x00000000        0x0 FreeRTOS/port.o
 .bss           0x00000000        0x0 FreeRTOS/port.o
 .text.vPortEndScheduler
                0x00000000        0x2 FreeRTOS/port.o
 .text.vPortYieldFromTick
                0x00000000       0xb8 FreeRTOS/port.o
 .text          0x00000000        0x0 FreeRTOS/queue.o
 .data          0x00000000        0x0 FreeRTOS/queue.o
 .bss           0x00000000        0x0 FreeRTOS/queue.o
 .text.prvIsQueueEmpty
                0x00000000       0x1a FreeRTOS/queue.o
 .text.prvIsQueueFull
                0x00000000       0x1c FreeRTOS/queue.o
 .text.prvCopyDataToQueue
                0x00000000       0x92 FreeRTOS/queue.o
 .text.prvCopyDataFromQueue
                0x00000000       0x34 FreeRTOS/queue.o
 .text.prvUnlockQueue
                0x00000000       0x68 FreeRTOS/queue.o
 .text.xQueueGenericReset
                0x00000000       0x84 FreeRTOS/queue.o
 .text.prvInitialiseNewQueue
                0x00000000       0x26 FreeRTOS/queue.o
 .text.xQueueGenericCreate
                0x00000000       0x54 FreeRTOS/queue.o
 .text.xQueueGenericSend
                0x00000000      0x114 FreeRTOS/queue.o
 .text.xQueueGenericSendFromISR
                0x00000000       0x74 FreeRTOS/queue.o
 .text.xQueueGiveFromISR
                0x00000000       0x52 FreeRTOS/queue.o
 .text.xQueueGenericReceive
                0x00000000      0x144 FreeRTOS/queue.o
 .text.xQueueReceiveFromISR
                0x00000000       0x6e FreeRTOS/queue.o
 .text.xQueuePeekFromISR
                0x00000000       0x2e FreeRTOS/queue.o
 .text.uxQueueMessagesWaiting
                0x00000000       0x10 FreeRTOS/queue.o
 .text.uxQueueSpacesAvailable
                0x00000000       0x16 FreeRTOS/queue.o
 .text.uxQueueMessagesWaitingFromISR
                0x00000000        0x6 FreeRTOS/queue.o
 .text.vQueueDelete
                0x00000000        0x6 FreeRTOS/queue.o
 .text.xQueueIsQueueEmptyFromISR
                0x00000000       0x10 FreeRTOS/queue.o
 .text.xQueueIsQueueFullFromISR
                0x00000000       0x12 FreeRTOS/queue.o
 .debug_info    0x00000000     0x1018 FreeRTOS/queue.o
 .debug_abbrev  0x00000000      0x21e FreeRTOS/queue.o
 .debug_loc     0x00000000     0x1357 FreeRTOS/queue.o
 .debug_aranges
                0x00000000       0xb8 FreeRTOS/queue.o
 .debug_ranges  0x00000000       0xf0 FreeRTOS/queue.o
 .debug_line    0x00000000      0x7d7 FreeRTOS/queue.o
 .debug_str     0x00000000      0x6ce FreeRTOS/queue.o
 .comment       0x00000000       0x31 FreeRTOS/queue.o
 .debug_frame   0x00000000      0x284 FreeRTOS/queue.o
 .text          0x00000000        0x0 FreeRTOS/tasks.o
 .data          0x00000000        0x0 FreeRTOS/tasks.o
 .bss           0x00000000        0x0 FreeRTOS/tasks.o
 .text.prvTaskIsTaskSuspended
                0x00000000       0x2e FreeRTOS/tasks.o
 .text.vTaskDelete
                0x00000000       0xa2 FreeRTOS/tasks.o
 .text.vTaskResume
                0x00000000       0x78 FreeRTOS/tasks.o
 .text.xTaskResumeFromISR
                0x00000000       0x90 FreeRTOS/tasks.o
 .text.vTaskEndScheduler
                0x00000000        0xc FreeRTOS/tasks.o
 .text.xTaskGetTickCount
                0x00000000       0x14 FreeRTOS/tasks.o
 .text.xTaskGetTickCountFromISR
                0x00000000        0xa FreeRTOS/tasks.o
 .text.uxTaskGetNumberOfTasks
                0x00000000        0x6 FreeRTOS/tasks.o
 .text.pcTaskGetName
                0x00000000       0x10 FreeRTOS/tasks.o
 .text.vTaskDelayUntil
                0x00000000       0x82 FreeRTOS/tasks.o
 .text.vTaskSuspend
                0x00000000       0x9c FreeRTOS/tasks.o
 .text.vTaskPlaceOnEventList
                0x00000000       0x24 FreeRTOS/tasks.o
 .text.vTaskPlaceOnUnorderedEventList
                0x00000000       0x32 FreeRTOS/tasks.o
 .text.xTaskRemoveFromEventList
                0x00000000       0x90 FreeRTOS/tasks.o
 .text.xTaskRemoveFromUnorderedEventList
                0x00000000       0x74 FreeRTOS/tasks.o
 .text.vTaskSetTimeOutState
                0x00000000       0x16 FreeRTOS/tasks.o
 .text.xTaskCheckForTimeOut
                0x00000000       0x72 FreeRTOS/tasks.o
 .text.vTaskMissedYield
                0x00000000        0x8 FreeRTOS/tasks.o
 .text.uxTaskResetEventItemValue
                0x00000000       0x2e FreeRTOS/tasks.o
 .text.ulTaskNotifyTake
                0x00000000       0xae FreeRTOS/tasks.o
 .text.xTaskNotifyWait
                0x00000000      0x108 FreeRTOS/tasks.o
 .text.xTaskGenericNotify
                0x00000000       0xfe FreeRTOS/tasks.o
 .text.xTaskGenericNotifyFromISR
                0x00000000      0x130 FreeRTOS/tasks.o
 .text.vTaskNotifyGiveFromISR
                0x00000000       0xb6 FreeRTOS/tasks.o
 .text.xTaskNotifyStateClear
                0x00000000       0x28 FreeRTOS/tasks.o
 .text          0x00000000        0x0 GI_prog.o
 .data          0x00000000        0x0 GI_prog.o
 .bss           0x00000000        0x0 GI_prog.o
 .text.GI_voidEnable
                0x00000000        0x8 GI_prog.o
 .text.GI_voidDisable
                0x00000000        0x8 GI_prog.o
 .debug_info    0x00000000       0xa6 GI_prog.o
 .debug_abbrev  0x00000000       0x46 GI_prog.o
 .debug_aranges
                0x00000000       0x28 GI_prog.o
 .debug_ranges  0x00000000       0x18 GI_prog.o
 .debug_line    0x00000000       0x66 GI_prog.o
 .debug_str     0x00000000      0x1bc GI_prog.o
 .comment       0x00000000       0x31 GI_prog.o
 .debug_frame   0x00000000       0x34 GI_prog.o
 .text          0x00000000        0x0 LCD_prog.o
 .data          0x00000000        0x0 LCD_prog.o
 .bss           0x00000000        0x0 LCD_prog.o
 .text.LCD_voidSendCommand_4Bit_Mode
                0x00000000       0x46 LCD_prog.o
 .text.LCD_voidSendData_4Bit_Mode
                0x00000000       0x88 LCD_prog.o
 .text.LCD_voidInit_4bit_Mode
                0x00000000       0x56 LCD_prog.o
 .text.LCD_voidSendString_4Bit_Mode
                0x00000000       0x26 LCD_prog.o
 .text.LCD_voidSendNum_4Bit_Mode
                0x00000000       0x7a LCD_prog.o
 .text.LCD_voidSetCursorPos
                0x00000000       0x1e LCD_prog.o
 .text.LCD_voidSetCursorPos_4Bit_Mode
                0x00000000       0x46 LCD_prog.o
 .text.LCD_voidDrawShape
                0x00000000       0x56 LCD_prog.o
 .text.LCD_voidZigZagDisp
                0x00000000       0x6a LCD_prog.o
 .text.LCD_voidZigZagDisp_4Bit_Mode
                0x00000000       0x6a LCD_prog.o
 .text          0x00000000        0x0 main.o
 .data          0x00000000        0x0 main.o
 .bss           0x00000000        0x0 main.o
 .text          0x00000000        0x0 Rover_prog.o
 .data          0x00000000        0x0 Rover_prog.o
 .bss           0x00000000        0x0 Rover_prog.o
 .text.Radar_LCD_Sweep
                0x00000000       0x7e Rover_prog.o
 .text.Buzzer_voidToggle
                0x00000000       0x3a Rover_prog.o
 .text.vTask_RoverInit
                0x00000000       0x1e Rover_prog.o
 .text.vTask_SensorRead
                0x00000000        0xe Rover_prog.o
 .text.vTask_BT_SendStatus
                0x00000000        0xe Rover_prog.o
 .text          0x00000000        0x0 SG90_prog.o
 .data          0x00000000        0x0 SG90_prog.o
 .bss           0x00000000        0x0 SG90_prog.o
 .text.Servo_SetAngle
                0x00000000       0x12 SG90_prog.o
 .text          0x00000000        0x0 TIMER0_prog.o
 .data          0x00000000        0x0 TIMER0_prog.o
 .bss           0x00000000        0x0 TIMER0_prog.o
 .text.TIMER0_voidInitTimerWithINTEnable
                0x00000000       0x3a TIMER0_prog.o
 .text.TIMER0_voidSetCallBack
                0x00000000       0x1c TIMER0_prog.o
 .text.TIMER0_voidFastPWM
                0x00000000       0x44 TIMER0_prog.o
 .text.TIMER0_voidPCPWM
                0x00000000       0x44 TIMER0_prog.o
 .text          0x00000000        0x0 TIMER1_prog.o
 .data          0x00000000        0x0 TIMER1_prog.o
 .bss           0x00000000        0x0 TIMER1_prog.o
 .text.TIMER1_voidInitTimerWithINTEnable
                0x00000000       0x94 TIMER1_prog.o
 .text.TIMER1_voidSetCallBack
                0x00000000        0x2 TIMER1_prog.o
 .text.TIMER1_void_Fixed_PCPWM
                0x00000000       0xa0 TIMER1_prog.o
 .text.TIMER1_voidSetOCRVal
                0x00000000        0x6 TIMER1_prog.o
 .text.TIMER1_voidFastPWMOCRB
                0x00000000       0x16 TIMER1_prog.o
 .text          0x00000000        0x0 TIMER2_prog.o
 .data          0x00000000        0x0 TIMER2_prog.o
 .bss           0x00000000        0x0 TIMER2_prog.o
 .text.TIMER2_voidInitTimerWithINTEnable
                0x00000000       0x40 TIMER2_prog.o
 .text.TIMER2_voidSetCallBack
                0x00000000       0x1c TIMER2_prog.o
 .text.TIMER2_voidPCPWM
                0x00000000       0x44 TIMER2_prog.o
 .text          0x00000000        0x0 UART_prog.o
 .data          0x00000000        0x0 UART_prog.o
 .bss           0x00000000        0x0 UART_prog.o
 .text.UART_u8RX
                0x00000000        0x8 UART_prog.o
 .text          0x00000000        0x0 UltraSonic_prog.o
 .data          0x00000000        0x0 UltraSonic_prog.o
 .bss           0x00000000        0x0 UltraSonic_prog.o
 .text          0x00000000        0x0 d:/7.0/toolchain/avr8/avr8-gnu-toolchain/bin/../lib/gcc/avr/5.4.0/../../../../avr/lib/avr5\libm.a(fixunssfsi.o)
 .data          0x00000000        0x0 d:/7.0/toolchain/avr8/avr8-gnu-toolchain/bin/../lib/gcc/avr/5.4.0/../../../../avr/lib/avr5\libm.a(fixunssfsi.o)
 .bss           0x00000000        0x0 d:/7.0/toolchain/avr8/avr8-gnu-toolchain/bin/../lib/gcc/avr/5.4.0/../../../../avr/lib/avr5\libm.a(fixunssfsi.o)
 .text          0x00000000        0x0 d:/7.0/toolchain/avr8/avr8-gnu-toolchain/bin/../lib/gcc/avr/5.4.0/../../../../avr/lib/avr5\libm.a(floatsisf.o)
 .data          0x00000000        0x0 d:/7.0/toolchain/avr8/avr8-gnu-toolchain/bin/../lib/gcc/avr/5.4.0/../../../../avr/lib/avr5\libm.a(floatsisf.o)
 .bss           0x00000000        0x0 d:/7.0/toolchain/avr8/avr8-gnu-toolchain/bin/../lib/gcc/avr/5.4.0/../../../../avr/lib/avr5\libm.a(floatsisf.o)
 .text          0x00000000        0x0 d:/7.0/toolchain/avr8/avr8-gnu-toolchain/bin/../lib/gcc/avr/5.4.0/../../../../avr/lib/avr5\libm.a(fp_split3.o)
 .data          0x00000000        0x0 d:/7.0/toolchain/avr8/avr8-gnu-toolchain/bin/../lib/gcc/avr/5.4.0/../../../../avr/lib/avr5\libm.a(fp_split3.o)
 .bss           0x00000000        0x0 d:/7.0/toolchain/avr8/avr8-gnu-toolchain/bin/../lib/gcc/avr/5.4.0/../../../../avr/lib/avr5\libm.a(fp_split3.o)
 .text          0x00000000        0x0 d:/7.0/toolchain/avr8/avr8-gnu-toolchain/bin/../lib/gcc/avr/5.4.0/../../../../avr/lib/avr5\libm.a(fp_zero.o)
 .data          0x00000000        0x0 d:/7.0/toolchain/avr8/avr8-gnu-toolchain/bin/../lib/gcc/avr/5.4.0/../../../../avr/lib/avr5\libm.a(fp_zero.o)
 .bss           0x00000000        0x0 d:/7.0/toolchain/avr8/avr8-gnu-toolchain/bin/../lib/gcc/avr/5.4.0/../../../../avr/lib/avr5\libm.a(fp_zero.o)
 .text          0x00000000        0x0 d:/7.0/toolchain/avr8/avr8-gnu-toolchain/bin/../lib/gcc/avr/5.4.0/../../../../avr/lib/avr5\libm.a(mulsf3.o)
 .data          0x00000000        0x0 d:/7.0/toolchain/avr8/avr8-gnu-toolchain/bin/../lib/gcc/avr/5.4.0/../../../../avr/lib/avr5\libm.a(mulsf3.o)
 .bss           0x00000000        0x0 d:/7.0/toolchain/avr8/avr8-gnu-toolchain/bin/../lib/gcc/avr/5.4.0/../../../../avr/lib/avr5\libm.a(mulsf3.o)
 .text          0x00000000        0x0 d:/7.0/toolchain/avr8/avr8-gnu-toolchain/bin/../lib/gcc/avr/5.4.0/../../../../avr/lib/avr5\libm.a(mulsf3x.o)
 .data          0x00000000        0x0 d:/7.0/toolchain/avr8/avr8-gnu-toolchain/bin/../lib/gcc/avr/5.4.0/../../../../avr/lib/avr5\libm.a(mulsf3x.o)
 .bss           0x00000000        0x0 d:/7.0/toolchain/avr8/avr8-gnu-toolchain/bin/../lib/gcc/avr/5.4.0/../../../../avr/lib/avr5\libm.a(mulsf3x.o)
 .text          0x00000000        0x0 d:/7.0/toolchain/avr8/avr8-gnu-toolchain/bin/../lib/gcc/avr/5.4.0/../../../../avr/lib/avr5\libm.a(fp_inf.o)
 .data          0x00000000        0x0 d:/7.0/toolchain/avr8/avr8-gnu-toolchain/bin/../lib/gcc/avr/5.4.0/../../../../avr/lib/avr5\libm.a(fp_inf.o)
 .bss           0x00000000        0x0 d:/7.0/toolchain/avr8/avr8-gnu-toolchain/bin/../lib/gcc/avr/5.4.0/../../../../avr/lib/avr5\libm.a(fp_inf.o)
 .text          0x00000000        0x0 d:/7.0/toolchain/avr8/avr8-gnu-toolchain/bin/../lib/gcc/avr/5.4.0/../../../../avr/lib/avr5\libm.a(fp_nan.o)
 .data          0x00000000        0x0 d:/7.0/toolchain/avr8/avr8-gnu-toolchain/bin/../lib/gcc/avr/5.4.0/../../../../avr/lib/avr5\libm.a(fp_nan.o)
 .bss           0x00000000        0x0 d:/7.0/toolchain/avr8/avr8-gnu-toolchain/bin/../lib/gcc/avr/5.4.0/../../../../avr/lib/avr5\libm.a(fp_nan.o)
 .text          0x00000000        0x0 d:/7.0/toolchain/avr8/avr8-gnu-toolchain/bin/../lib/gcc/avr/5.4.0/../../../../avr/lib/avr5\libm.a(fp_pscA.o)
 .data          0x00000000        0x0 d:/7.0/toolchain/avr8/avr8-gnu-toolchain/bin/../lib/gcc/avr/5.4.0/../../../../avr/lib/avr5\libm.a(fp_pscA.o)
 .bss           0x00000000        0x0 d:/7.0/toolchain/avr8/avr8-gnu-toolchain/bin/../lib/gcc/avr/5.4.0/../../../../avr/lib/avr5\libm.a(fp_pscA.o)
 .text          0x00000000        0x0 d:/7.0/toolchain/avr8/avr8-gnu-toolchain/bin/../lib/gcc/avr/5.4.0/../../../../avr/lib/avr5\libm.a(fp_pscB.o)
 .data          0x00000000        0x0 d:/7.0/toolchain/avr8/avr8-gnu-toolchain/bin/../lib/gcc/avr/5.4.0/../../../../avr/lib/avr5\libm.a(fp_pscB.o)
 .bss           0x00000000        0x0 d:/7.0/toolchain/avr8/avr8-gnu-toolchain/bin/../lib/gcc/avr/5.4.0/../../../../avr/lib/avr5\libm.a(fp_pscB.o)
 .text          0x00000000        0x0 d:/7.0/toolchain/avr8/avr8-gnu-toolchain/bin/../lib/gcc/avr/5.4.0/../../../../avr/lib/avr5\libm.a(fp_round.o)
 .data          0x00000000        0x0 d:/7.0/toolchain/avr8/avr8-gnu-toolchain/bin/../lib/gcc/avr/5.4.0/../../../../avr/lib/avr5\libm.a(fp_round.o)
 .bss           0x00000000        0x0 d:/7.0/toolchain/avr8/avr8-gnu-toolchain/bin/../lib/gcc/avr/5.4.0/../../../../avr/lib/avr5\libm.a(fp_round.o)
 .text          0x00000000        0x0 d:/7.0/toolchain/avr8/avr8-gnu-toolchain/bin/../lib/gcc/avr/5.4.0/avr5\libgcc.a(_divmodhi4.o)
 .data          0x00000000        0x0 d:/7.0/toolchain/avr8/avr8-gnu-toolchain/bin/../lib/gcc/avr/5.4.0/avr5\libgcc.a(_divmodhi4.o)
 .bss           0x00000000        0x0 d:/7.0/toolchain/avr8/avr8-gnu-toolchain/bin/../lib/gcc/avr/5.4.0/avr5\libgcc.a(_divmodhi4.o)
 .text.libgcc.mul
                0x00000000        0x0 d:/7.0/toolchain/avr8/avr8-gnu-toolchain/bin/../lib/gcc/avr/5.4.0/avr5\libgcc.a(_divmodhi4.o)
 .text.libgcc.div
                0x00000000       0x28 d:/7.0/toolchain/avr8/avr8-gnu-toolchain/bin/../lib/gcc/avr/5.4.0/avr5\libgcc.a(_divmodhi4.o)
 .text.libgcc   0x00000000        0x0 d:/7.0/toolchain/avr8/avr8-gnu-toolchain/bin/../lib/gcc/avr/5.4.0/avr5\libgcc.a(_divmodhi4.o)
 .text.libgcc.prologue
                0x00000000        0x0 d:/7.0/toolchain/avr8/avr8-gnu-toolchain/bin/../lib/gcc/avr/5.4.0/avr5\libgcc.a(_divmodhi4.o)
 .text.libgcc.builtins
                0x00000000        0x0 d:/7.0/toolchain/avr8/avr8-gnu-toolchain/bin/../lib/gcc/avr/5.4.0/avr5\libgcc.a(_divmodhi4.o)
 .text.libgcc.fmul
                0x00000000        0x0 d:/7.0/toolchain/avr8/avr8-gnu-toolchain/bin/../lib/gcc/avr/5.4.0/avr5\libgcc.a(_divmodhi4.o)
 .text.libgcc.fixed
                0x00000000        0x0 d:/7.0/toolchain/avr8/avr8-gnu-toolchain/bin/../lib/gcc/avr/5.4.0/avr5\libgcc.a(_divmodhi4.o)
 .text          0x00000000        0x0 d:/7.0/toolchain/avr8/avr8-gnu-toolchain/bin/../lib/gcc/avr/5.4.0/avr5\libgcc.a(_udivmodsi4.o)
 .data          0x00000000        0x0 d:/7.0/toolchain/avr8/avr8-gnu-toolchain/bin/../lib/gcc/avr/5.4.0/avr5\libgcc.a(_udivmodsi4.o)
 .bss           0x00000000        0x0 d:/7.0/toolchain/avr8/avr8-gnu-toolchain/bin/../lib/gcc/avr/5.4.0/avr5\libgcc.a(_udivmodsi4.o)
 .text.libgcc.mul
                0x00000000        0x0 d:/7.0/toolchain/avr8/avr8-gnu-toolchain/bin/../lib/gcc/avr/5.4.0/avr5\libgcc.a(_udivmodsi4.o)
 .text.libgcc   0x00000000        0x0 d:/7.0/toolchain/avr8/avr8-gnu-toolchain/bin/../lib/gcc/avr/5.4.0/avr5\libgcc.a(_udivmodsi4.o)
 .text.libgcc.prologue
                0x00000000        0x0 d:/7.0/toolchain/avr8/avr8-gnu-toolchain/bin/../lib/gcc/avr/5.4.0/avr5\libgcc.a(_udivmodsi4.o)
 .text.libgcc.builtins
                0x00000000        0x0 d:/7.0/toolchain/avr8/avr8-gnu-toolchain/bin/../lib/gcc/avr/5.4.0/avr5\libgcc.a(_udivmodsi4.o)
 .text.libgcc.fmul
                0x00000000        0x0 d:/7.0/toolchain/avr8/avr8-gnu-toolchain/bin/../lib/gcc/avr/5.4.0/avr5\libgcc.a(_udivmodsi4.o)
 .text.libgcc.fixed
                0x00000000        0x0 d:/7.0/toolchain/avr8/avr8-gnu-toolchain/bin/../lib/gcc/avr/5.4.0/avr5\libgcc.a(_udivmodsi4.o)
 .text          0x00000000        0x0 d:/7.0/toolchain/avr8/avr8-gnu-toolchain/bin/../lib/gcc/avr/5.4.0/avr5\libgcc.a(_exit.o)
 .data          0x00000000        0x0 d:/7.0/toolchain/avr8/avr8-gnu-toolchain/bin/../lib/gcc/avr/5.4.0/avr5\libgcc.a(_exit.o)
 .bss           0x00000000        0x0 d:/7.0/toolchain/avr8/avr8-gnu-toolchain/bin/../lib/gcc/avr/5.4.0/avr5\libgcc.a(_exit.o)
 .text.libgcc.mul
                0x00000000        0x0 d:/7.0/toolchain/avr8/avr8-gnu-toolchain/bin/../lib/gcc/avr/5.4.0/avr5\libgcc.a(_exit.o)
 .text.libgcc.div
                0x00000000        0x0 d:/7.0/toolchain/avr8/avr8-gnu-toolchain/bin/../lib/gcc/avr/5.4.0/avr5\libgcc.a(_exit.o)
 .text.libgcc   0x00000000        0x0 d:/7.0/toolchain/avr8/avr8-gnu-toolchain/bin/../lib/gcc/avr/5.4.0/avr5\libgcc.a(_exit.o)
 .text.libgcc.prologue
                0x00000000        0x0 d:/7.0/toolchain/avr8/avr8-gnu-toolchain/bin/../lib/gcc/avr/5.4.0/avr5\libgcc.a(_exit.o)
 .text.libgcc.builtins
                0x00000000        0x0 d:/7.0/toolchain/avr8/avr8-gnu-toolchain/bin/../lib/gcc/avr/5.4.0/avr5\libgcc.a(_exit.o)
 .text.libgcc.fmul
                0x00000000        0x0 d:/7.0/toolchain/avr8/avr8-gnu-toolchain/bin/../lib/gcc/avr/5.4.0/avr5\libgcc.a(_exit.o)
 .text.libgcc.fixed
                0x00000000        0x0 d:/7.0/toolchain/avr8/avr8-gnu-toolchain/bin/../lib/gcc/avr/5.4.0/avr5\libgcc.a(_exit.o)
 .text          0x00000000        0x0 d:/7.0/toolchain/avr8/avr8-gnu-toolchain/bin/../lib/gcc/avr/5.4.0/avr5\libgcc.a(_copy_data.o)
 .data          0x00000000        0x0 d:/7.0/toolchain/avr8/avr8-gnu-toolchain/bin/../lib/gcc/avr/5.4.0/avr5\libgcc.a(_copy_data.o)
 .bss           0x00000000        0x0 d:/7.0/toolchain/avr8/avr8-gnu-toolchain/bin/../lib/gcc/avr/5.4.0/avr5\libgcc.a(_copy_data.o)
 .text.libgcc.mul
                0x00000000        0x0 d:/7.0/toolchain/avr8/avr8-gnu-toolchain/bin/../lib/gcc/avr/5.4.0/avr5\libgcc.a(_copy_data.o)
 .text.libgcc.div
                0x00000000        0x0 d:/7.0/toolchain/avr8/avr8-gnu-toolchain/bin/../lib/gcc/avr/5.4.0/avr5\libgcc.a(_copy_data.o)
 .text.libgcc   0x00000000        0x0 d:/7.0/toolchain/avr8/avr8-gnu-toolchain/bin/../lib/gcc/avr/5.4.0/avr5\libgcc.a(_copy_data.o)
 .text.libgcc.prologue
                0x00000000        0x0 d:/7.0/toolchain/avr8/avr8-gnu-toolchain/bin/../lib/gcc/avr/5.4.0/avr5\libgcc.a(_copy_data.o)
 .text.libgcc.builtins
                0x00000000        0x0 d:/7.0/toolchain/avr8/avr8-gnu-toolchain/bin/../lib/gcc/avr/5.4.0/avr5\libgcc.a(_copy_data.o)
 .text.libgcc.fmul
                0x00000000        0x0 d:/7.0/toolchain/avr8/avr8-gnu-toolchain/bin/../lib/gcc/avr/5.4.0/avr5\libgcc.a(_copy_data.o)
 .text.libgcc.fixed
                0x00000000        0x0 d:/7.0/toolchain/avr8/avr8-gnu-toolchain/bin/../lib/gcc/avr/5.4.0/avr5\libgcc.a(_copy_data.o)
 .text          0x00000000        0x0 d:/7.0/toolchain/avr8/avr8-gnu-toolchain/bin/../lib/gcc/avr/5.4.0/avr5\libgcc.a(_clear_bss.o)
 .data          0x00000000        0x0 d:/7.0/toolchain/avr8/avr8-gnu-toolchain/bin/../lib/gcc/avr/5.4.0/avr5\libgcc.a(_clear_bss.o)
 .bss           0x00000000        0x0 d:/7.0/toolchain/avr8/avr8-gnu-toolchain/bin/../lib/gcc/avr/5.4.0/avr5\libgcc.a(_clear_bss.o)
 .text.libgcc.mul
                0x00000000        0x0 d:/7.0/toolchain/avr8/avr8-gnu-toolchain/bin/../lib/gcc/avr/5.4.0/avr5\libgcc.a(_clear_bss.o)
 .text.libgcc.div
                0x00000000        0x0 d:/7.0/toolchain/avr8/avr8-gnu-toolchain/bin/../lib/gcc/avr/5.4.0/avr5\libgcc.a(_clear_bss.o)
 .text.libgcc   0x00000000        0x0 d:/7.0/toolchain/avr8/avr8-gnu-toolchain/bin/../lib/gcc/avr/5.4.0/avr5\libgcc.a(_clear_bss.o)
 .text.libgcc.prologue
                0x00000000        0x0 d:/7.0/toolchain/avr8/avr8-gnu-toolchain/bin/../lib/gcc/avr/5.4.0/avr5\libgcc.a(_clear_bss.o)
 .text.libgcc.builtins
                0x00000000        0x0 d:/7.0/toolchain/avr8/avr8-gnu-toolchain/bin/../lib/gcc/avr/5.4.0/avr5\libgcc.a(_clear_bss.o)
 .text.libgcc.fmul
                0x00000000        0x0 d:/7.0/toolchain/avr8/avr8-gnu-toolchain/bin/../lib/gcc/avr/5.4.0/avr5\libgcc.a(_clear_bss.o)
 .text.libgcc.fixed
                0x00000000        0x0 d:/7.0/toolchain/avr8/avr8-gnu-toolchain/bin/../lib/gcc/avr/5.4.0/avr5\libgcc.a(_clear_bss.o)
 .text          0x00000000        0x0 d:/7.0/toolchain/avr8/avr8-gnu-toolchain/bin/../lib/gcc/avr/5.4.0/avr5\libgcc.a(_umulhisi3.o)
 .data          0x00000000        0x0 d:/7.0/toolchain/avr8/avr8-gnu-toolchain/bin/../lib/gcc/avr/5.4.0/avr5\libgcc.a(_umulhisi3.o)
 .bss           0x00000000        0x0 d:/7.0/toolchain/avr8/avr8-gnu-toolchain/bin/../lib/gcc/avr/5.4.0/avr5\libgcc.a(_umulhisi3.o)
 .text.libgcc.div
                0x00000000        0x0 d:/7.0/toolchain/avr8/avr8-gnu-toolchain/bin/../lib/gcc/avr/5.4.0/avr5\libgcc.a(_umulhisi3.o)
 .text.libgcc   0x00000000        0x0 d:/7.0/toolchain/avr8/avr8-gnu-toolchain/bin/../lib/gcc/avr/5.4.0/avr5\libgcc.a(_umulhisi3.o)
 .text.libgcc.prologue
                0x00000000        0x0 d:/7.0/toolchain/avr8/avr8-gnu-toolchain/bin/../lib/gcc/avr/5.4.0/avr5\libgcc.a(_umulhisi3.o)
 .text.libgcc.builtins
                0x00000000        0x0 d:/7.0/toolchain/avr8/avr8-gnu-toolchain/bin/../lib/gcc/avr/5.4.0/avr5\libgcc.a(_umulhisi3.o)
 .text.libgcc.fmul
                0x00000000        0x0 d:/7.0/toolchain/avr8/avr8-gnu-toolchain/bin/../lib/gcc/avr/5.4.0/avr5\libgcc.a(_umulhisi3.o)
 .text.libgcc.fixed
                0x00000000        0x0 d:/7.0/toolchain/avr8/avr8-gnu-toolchain/bin/../lib/gcc/avr/5.4.0/avr5\libgcc.a(_umulhisi3.o)
 .text          0x00000000        0x0 d:/7.0/toolchain/avr8/avr8-gnu-toolchain/bin/../lib/gcc/avr/5.4.0/avr5\libgcc.a(_udivmodhi4.o)
 .data          0x00000000        0x0 d:/7.0/toolchain/avr8/avr8-gnu-toolchain/bin/../lib/gcc/avr/5.4.0/avr5\libgcc.a(_udivmodhi4.o)
 .bss           0x00000000        0x0 d:/7.0/toolchain/avr8/avr8-gnu-toolchain/bin/../lib/gcc/avr/5.4.0/avr5\libgcc.a(_udivmodhi4.o)
 .text.libgcc.mul
                0x00000000        0x0 d:/7.0/toolchain/avr8/avr8-gnu-toolchain/bin/../lib/gcc/avr/5.4.0/avr5\libgcc.a(_udivmodhi4.o)
 .text.libgcc.div
                0x00000000       0x28 d:/7.0/toolchain/avr8/avr8-gnu-toolchain/bin/../lib/gcc/avr/5.4.0/avr5\libgcc.a(_udivmodhi4.o)
 .text.libgcc   0x00000000        0x0 d:/7.0/toolchain/avr8/avr8-gnu-toolchain/bin/../lib/gcc/avr/5.4.0/avr5\libgcc.a(_udivmodhi4.o)
 .text.libgcc.prologue
                0x00000000        0x0 d:/7.0/toolchain/avr8/avr8-gnu-toolchain/bin/../lib/gcc/avr/5.4.0/avr5\libgcc.a(_udivmodhi4.o)
 .text.libgcc.builtins
                0x00000000        0x0 d:/7.0/toolchain/avr8/avr8-gnu-toolchain/bin/../lib/gcc/avr/5.4.0/avr5\libgcc.a(_udivmodhi4.o)
 .text.libgcc.fmul
                0x00000000        0x0 d:/7.0/toolchain/avr8/avr8-gnu-toolchain/bin/../lib/gcc/avr/5.4.0/avr5\libgcc.a(_udivmodhi4.o)
 .text.libgcc.fixed
                0x00000000        0x0 d:/7.0/toolchain/avr8/avr8-gnu-toolchain/bin/../lib/gcc/avr/5.4.0/avr5\libgcc.a(_udivmodhi4.o)
 .text          0x00000000        0x0 d:/7.0/toolchain/avr8/avr8-gnu-toolchain/bin/../lib/gcc/avr/5.4.0/../../../../avr/lib/avr5\libc.a(memcpy.o)
 .data          0x00000000        0x0 d:/7.0/toolchain/avr8/avr8-gnu-toolchain/bin/../lib/gcc/avr/5.4.0/../../../../avr/lib/avr5\libc.a(memcpy.o)
 .bss           0x00000000        0x0 d:/7.0/toolchain/avr8/avr8-gnu-toolchain/bin/../lib/gcc/avr/5.4.0/../../../../avr/lib/avr5\libc.a(memcpy.o)
 .text.avr-libc
                0x00000000       0x12 d:/7.0/toolchain/avr8/avr8-gnu-toolchain/bin/../lib/gcc/avr/5.4.0/../../../../avr/lib/avr5\libc.a(memcpy.o)

Memory Configuration

Name             Origin             Length             Attributes
text             0x00000000         0x00008000         xr
data             0x00800060         0x00000800         rw !x
eeprom           0x00810000         0x00000400         rw !x
fuse             0x00820000         0x00000002         rw !x
lock             0x00830000         0x00000400         rw !x
signature        0x00840000         0x00000400         rw !x
user_signatures  0x00850000         0x00000400         rw !x
*default*        0x00000000         0xffffffff

Linker script and memory map

LOAD D:/7.0/Packs/atmel/ATmega_DFP/1.7.374/gcc/dev/atmega32/avr5/crtatmega32.o
LOAD DIO_prog.o
LOAD EXTI_prog.o
LOAD FreeRTOS/heap_2.o
LOAD FreeRTOS/list.o
LOAD FreeRTOS/port.o
LOAD FreeRTOS/queue.o
LOAD FreeRTOS/tasks.o
LOAD GI_prog.o
LOAD LCD_prog.o
LOAD main.o
LOAD Rover_prog.o
LOAD SG90_prog.o
LOAD TIMER0_prog.o
LOAD TIMER1_prog.o
LOAD TIMER2_prog.o
LOAD UART_prog.o
LOAD UltraSonic_prog.o
START GROUP
LOAD d:/7.0/toolchain/avr8/avr8-gnu-toolchain/bin/../lib/gcc/avr/5.4.0/../../../../avr/lib/avr5\libm.a
END GROUP
START GROUP
LOAD d:/7.0/toolchain/avr8/avr8-gnu-toolchain/bin/../lib/gcc/avr/5.4.0/avr5\libgcc.a
LOAD d:/7.0/toolchain/avr8/avr8-gnu-toolchain/bin/../lib/gcc/avr/5.4.0/../../../../avr/lib/avr5\libm.a
LOAD d:/7.0/toolchain/avr8/avr8-gnu-toolchain/bin/../lib/gcc/avr/5.4.0/../../../../avr/lib/avr5\libc.a
LOAD D:/7.0/Packs/atmel/ATmega_DFP/1.7.374/gcc/dev/atmega32/avr5\libatmega32.a
END GROUP
                0x00000000                __TEXT_REGION_ORIGIN__ = DEFINED (__TEXT_REGION_ORIGIN__)?__TEXT_REGION_ORIGIN__:0x0
                [0x00800060]                __DATA_REGION_ORIGIN__ = DEFINED (__DATA_REGION_ORIGIN__)?__DATA_REGION_ORIGIN__:0x800060
                [0x00008000]                __TEXT_REGION_LENGTH__ = DEFINED (__TEXT_REGION_LENGTH__)?__TEXT_REGION_LENGTH__:0x20000
                [0x00000800]                __DATA_REGION_LENGTH__ = DEFINED (__DATA_REGION_LENGTH__)?__DATA_REGION_LENGTH__:0xffa0
                [0x00000400]                __EEPROM_REGION_LENGTH__ = DEFINED (__EEPROM_REGION_LENGTH__)?__EEPROM_REGION_LENGTH__:0x10000
                [0x00000002]                __FUSE_REGION_LENGTH__ = DEFINED (__FUSE_REGION_LENGTH__)?__FUSE_REGION_LENGTH__:0x400
                0x00000400                __LOCK_REGION_LENGTH__ = DEFINED (__LOCK_REGION_LENGTH__)?__LOCK_REGION_LENGTH__:0x400
                0x00000400                __SIGNATURE_REGION_LENGTH__ = DEFINED (__SIGNATURE_REGION_LENGTH__)?__SIGNATURE_REGION_LENGTH__:0x400
                0x00000400                __USER_SIGNATURE_REGION_LENGTH__ = DEFINED (__USER_SIGNATURE_REGION_LENGTH__)?__USER_SIGNATURE_REGION_LENGTH__:0x400

.hash
 *(.hash)

.dynsym
 *(.dynsym)

.dynstr
 *(.dynstr)

.gnu.version
 *(.gnu.version)

.gnu.version_d
 *(.gnu.version_d)

.gnu.version_r
 *(.gnu.version_r)

.rel.init
 *(.rel.init)

.rela.init
 *(.rela.init)

.rel.text
 *(.rel.text)
 *(.rel.text.*)
 *(.rel.gnu.linkonce.t*)

.rela.text
 *(.rela.text)
 *(.rela.text.*)
 *(.rela.gnu.linkonce.t*)

.rel.fini
 *(.rel.fini)

.rela.fini
 *(.rela.fini)

.rel.rodata
 *(.rel.rodata)
 *(.rel.rodata.*)
 *(.rel.gnu.linkonce.r*)

.rela.rodata
 *(.rela.rodata)
 *(.rela.rodata.*)
 *(.rela.gnu.linkonce.r*)

.rel.data
 *(.rel.data)
 *(.rel.data.*)
 *(.rel.gnu.linkonce.d*)

.rela.data
 *(.rela.data)
 *(.rela.data.*)
 *(.rela.gnu.linkonce.d*)

.rel.ctors
 *(.rel.ctors)

.rela.ctors
 *(.rela.ctors)

.rel.dtors
 *(.rel.dtors)

.rela.dtors
 *(.rela.dtors)

.rel.got
 *(.rel.got)

.rela.got
 *(.rela.got)

.rel.bss
 *(.rel.bss)

.rela.bss
 *(.rela.bss)

.rel.plt
 *(.rel.plt)

.rela.plt
 *(.rela.plt)

.text           0x00000000     0x1d2c
 *(.vectors)
 .vectors       0x00000000       0x54 D:/7.0/Packs/atmel/ATmega_DFP/1.7.374/gcc/dev/atmega32/avr5/crtatmega32.o
                0x00000000                __vector_default
                0x00000000                __vectors
 *(.vectors)
 *(.progmem.gcc*)
                0x00000054                . = ALIGN (0x2)
                0x00000054                __trampolines_start = .
 *(.trampolines)
 .trampolines   0x00000054        0x0 linker stubs
 *(.trampolines*)
                0x00000054                __trampolines_end = .
 *libprintf_flt.a:*(.progmem.data)
 *libc.a:*(.progmem.data)
 *(.progmem*)
                0x00000054                . = ALIGN (0x2)
 *(.jumptables)
 *(.jumptables*)
 *(.lowtext)
 *(.lowtext*)
                0x00000054                __ctors_start = .
 *(.ctors)
                0x00000054                __ctors_end = .
                0x00000054                __dtors_start = .
 *(.dtors)
                0x00000054                __dtors_end = .
 SORT(*)(.ctors)
 SORT(*)(.dtors)
 *(.init0)
 .init0         0x00000054        0x0 D:/7.0/Packs/atmel/ATmega_DFP/1.7.374/gcc/dev/atmega32/avr5/crtatmega32.o
                0x00000054                __init
 *(.init0)
 *(.init1)
 *(.init1)
 *(.init2)
 .init2         0x00000054        0xc D:/7.0/Packs/atmel/ATmega_DFP/1.7.374/gcc/dev/atmega32/avr5/crtatmega32.o
 *(.init2)
 *(.init3)
 *(.init3)
 *(.init4)
 .init4         0x00000060       0x16 d:/7.0/toolchain/avr8/avr8-gnu-toolchain/bin/../lib/gcc/avr/5.4.0/avr5\libgcc.a(_copy_data.o)
                0x00000060                __do_copy_data
 .init4         0x00000076       0x10 d:/7.0/toolchain/avr8/avr8-gnu-toolchain/bin/../lib/gcc/avr/5.4.0/avr5\libgcc.a(_clear_bss.o)
                0x00000076                __do_clear_bss
 *(.init4)
 *(.init5)
 *(.init5)
 *(.init6)
 *(.init6)
 *(.init7)
 *(.init7)
 *(.init8)
 *(.init8)
 *(.init9)
 .init9         0x00000086        0x8 D:/7.0/Packs/atmel/ATmega_DFP/1.7.374/gcc/dev/atmega32/avr5/crtatmega32.o
 *(.init9)
 *(.text)
 .text          0x0000008e        0x4 D:/7.0/Packs/atmel/ATmega_DFP/1.7.374/gcc/dev/atmega32/avr5/crtatmega32.o
                0x0000008e                __vector_12
                0x0000008e                __bad_interrupt
                0x0000008e                __vector_6
                0x0000008e                __vector_13
                0x0000008e                __vector_17
                0x0000008e                __vector_19
                0x0000008e                __vector_9
                0x0000008e                __vector_15
                0x0000008e                __vector_8
                0x0000008e                __vector_14
                0x0000008e                __vector_16
                0x0000008e                __vector_18
                0x0000008e                __vector_20
                0x00000092                . = ALIGN (0x2)
 *(.text.*)
 .text.DIO_voidSetPinDir
                0x00000092       0xe0 DIO_prog.o
                0x00000092                DIO_voidSetPinDir
 .text.DIO_voidSetPinVal
                0x00000172       0xe0 DIO_prog.o
                0x00000172                DIO_voidSetPinVal
 .text.DIO_u8GetPinVal
                0x00000252       0x5c DIO_prog.o
                0x00000252                DIO_u8GetPinVal
 .text.__vector_1
                0x000002ae       0x4e EXTI_prog.o
                0x000002ae                __vector_1
 .text.__vector_2
                0x000002fc       0x4e EXTI_prog.o
                0x000002fc                __vector_2
 .text.__vector_3
                0x0000034a       0x4e EXTI_prog.o
                0x0000034a                __vector_3
 .text.prvHeapInit
                0x00000398       0x36 FreeRTOS/heap_2.o
 .text.pvPortMalloc
                0x000003ce       0xf8 FreeRTOS/heap_2.o
                0x000003ce                pvPortMalloc
 .text.vPortFree
                0x000004c6       0x66 FreeRTOS/heap_2.o
                0x000004c6                vPortFree
 .text.vListInitialise
                0x0000052c       0x1c FreeRTOS/list.o
                0x0000052c                vListInitialise
 .text.vListInitialiseItem
                0x00000548        0x8 FreeRTOS/list.o
                0x00000548                vListInitialiseItem
 .text.vListInsertEnd
                0x00000550       0x42 FreeRTOS/list.o
                0x00000550                vListInsertEnd
 .text.vListInsert
                0x00000592       0x62 FreeRTOS/list.o
                0x00000592                vListInsert
 .text.uxListRemove
                0x000005f4       0x4c FreeRTOS/list.o
                0x000005f4                uxListRemove
 .text.prvSetupTimerInterrupt
                0x00000640       0x12 FreeRTOS/port.o
 .text.pxPortInitialiseStack
                0x00000652       0xd8 FreeRTOS/port.o
                0x00000652                pxPortInitialiseStack
 .text.xPortStartScheduler
                0x0000072a       0x5e FreeRTOS/port.o
                0x0000072a                xPortStartScheduler
 .text.vPortYield
                0x00000788       0xb2 FreeRTOS/port.o
                0x00000788                vPortYield
 .text.__vector_7
                0x0000083a       0x48 FreeRTOS/port.o
                0x0000083a                __vector_7
 .text.prvResetNextTaskUnblockTime
                0x00000882       0x3e FreeRTOS/tasks.o
 .text.prvDeleteTCB
                0x000008c0       0x1a FreeRTOS/tasks.o
 .text.prvInitialiseNewTask
                0x000008da       0xd4 FreeRTOS/tasks.o
 .text.prvInitialiseTaskLists
                0x000009ae       0x6e FreeRTOS/tasks.o
 .text.prvAddNewTaskToReadyList
                0x00000a1c       0xac FreeRTOS/tasks.o
 .text.prvAddCurrentTaskToDelayedList
                0x00000ac8       0xb0 FreeRTOS/tasks.o
 .text.xTaskCreate
                0x00000b78       0xa8 FreeRTOS/tasks.o
                0x00000b78                xTaskCreate
 .text.vTaskStartScheduler
                0x00000c20       0x54 FreeRTOS/tasks.o
                0x00000c20                vTaskStartScheduler
 .text.vTaskSuspendAll
                0x00000c74        0xc FreeRTOS/tasks.o
                0x00000c74                vTaskSuspendAll
 .text.xTaskIncrementTick
                0x00000c80      0x114 FreeRTOS/tasks.o
                0x00000c80                xTaskIncrementTick
 .text.xTaskResumeAll
                0x00000d94       0xd4 FreeRTOS/tasks.o
                0x00000d94                xTaskResumeAll
 .text.vTaskDelay
                0x00000e68       0x2c FreeRTOS/tasks.o
                0x00000e68                vTaskDelay
 .text.prvCheckTasksWaitingTermination
                0x00000e94       0x5c FreeRTOS/tasks.o
 .text.prvIdleTask
                0x00000ef0        0xa FreeRTOS/tasks.o
 .text.vTaskSwitchContext
                0x00000efa       0xa8 FreeRTOS/tasks.o
                0x00000efa                vTaskSwitchContext
 .text.LCD_voidSendLowerNibble
                0x00000fa2       0x64 LCD_prog.o
                0x00000fa2                LCD_voidSendLowerNibble
 .text.LCD_voidSetEnable
                0x00001006       0x22 LCD_prog.o
                0x00001006                LCD_voidSetEnable
 .text.LCD_voidSendCommand
                0x00001028       0x34 LCD_prog.o
                0x00001028                LCD_voidSendCommand
 .text.LCD_voidSendData
                0x0000105c       0x34 LCD_prog.o
                0x0000105c                LCD_voidSendData
 .text.LCD_voidInit
                0x00001090       0x3e LCD_prog.o
                0x00001090                LCD_voidInit
 .text.LCD_voidSendString
                0x000010ce       0x1a LCD_prog.o
                0x000010ce                LCD_voidSendString
 .text.LCD_voidSendNum
                0x000010e8       0xce LCD_prog.o
                0x000010e8                LCD_voidSendNum
 .text.LCD_SetGridPos
                0x000011b6       0x10 LCD_prog.o
                0x000011b6                LCD_SetGridPos
 .text.main     0x000011c6       0x60 main.o
                0x000011c6                main
 .text.Radar_LCD_Init
                0x00001226       0x64 Rover_prog.o
                0x00001226                Radar_LCD_Init
 .text.Rover_voidMotorsInit
                0x0000128a       0x34 Rover_prog.o
                0x0000128a                Rover_voidMotorsInit
 .text.Rover_voidMOVFWD
                0x000012be       0x3c Rover_prog.o
                0x000012be                Rover_voidMOVFWD
 .text.Rover_voidMOVBCWD
                0x000012fa       0x3c Rover_prog.o
                0x000012fa                Rover_voidMOVBCWD
 .text.Rover_voidMOVRW
                0x00001336       0x3c Rover_prog.o
                0x00001336                Rover_voidMOVRW
 .text.Rover_voidMOVLF
                0x00001372       0x3c Rover_prog.o
                0x00001372                Rover_voidMOVLF
 .text.Rover_voidStop
                0x000013ae       0x36 Rover_prog.o
                0x000013ae                Rover_voidStop
 .text.ROVER_LCD_PrintStatus
                0x000013e4       0xf0 Rover_prog.o
                0x000013e4                ROVER_LCD_PrintStatus
 .text.IrSensor_voidInit
                0x000014d4       0x2a Rover_prog.o
                0x000014d4                IrSensor_voidInit
 .text.IrSensor_GetDir
                0x000014fe       0x36 Rover_prog.o
                0x000014fe                IrSensor_GetDir
 .text.Buzzer_voidInit
                0x00001534        0xc Rover_prog.o
                0x00001534                Buzzer_voidInit
 .text.RoverTransmit_Init
                0x00001540        0x6 Rover_prog.o
                0x00001540                RoverTransmit_Init
 .text.SendNumber
                0x00001546       0xb0 Rover_prog.o
                0x00001546                SendNumber
 .text.RoverTransmitStatus
                0x000015f6       0x9e Rover_prog.o
                0x000015f6                RoverTransmitStatus
 .text.vTask_RoverMove
                0x00001694       0xfc Rover_prog.o
                0x00001694                vTask_RoverMove
 .text.vTask_DataDisplay
                0x00001790       0x16 Rover_prog.o
                0x00001790                vTask_DataDisplay
 .text.vTask_UltraSonicSendData
                0x000017a6       0x1e Rover_prog.o
                0x000017a6                vTask_UltraSonicSendData
 .text.Servo_Init
                0x000017c4       0x10 SG90_prog.o
                0x000017c4                Servo_Init
 .text.__vector_11
                0x000017d4       0x4e TIMER0_prog.o
                0x000017d4                __vector_11
 .text.__vector_10
                0x00001822       0x4e TIMER0_prog.o
                0x00001822                __vector_10
 .text.TIMER1_voidFastPWMICR1
                0x00001870       0x80 TIMER1_prog.o
                0x00001870                TIMER1_voidFastPWMICR1
 .text.TIMER2_voidFastPWM
                0x000018f0       0x44 TIMER2_prog.o
                0x000018f0                TIMER2_voidFastPWM
 .text.__vector_5
                0x00001934       0x4e TIMER2_prog.o
                0x00001934                __vector_5
 .text.__vector_4
                0x00001982       0x4e TIMER2_prog.o
                0x00001982                __vector_4
 .text.UART_voidInit
                0x000019d0       0x16 UART_prog.o
                0x000019d0                UART_voidInit
 .text.UART_voidTX
                0x000019e6        0x8 UART_prog.o
                0x000019e6                UART_voidTX
 .text.UltraSonic_Sendpulse
                0x000019ee       0x1e UltraSonic_prog.o
                0x000019ee                UltraSonic_Sendpulse
 .text.UltraSonic_Read_Echo
                0x00001a0c       0x46 UltraSonic_prog.o
                0x00001a0c                UltraSonic_Read_Echo
 .text.UltraSonic_Calc_Distance
                0x00001a52       0x20 UltraSonic_prog.o
                0x00001a52                UltraSonic_Calc_Distance
 .text.avr-libc.fplib
                0x00001a72       0x5e d:/7.0/toolchain/avr8/avr8-gnu-toolchain/bin/../lib/gcc/avr/5.4.0/../../../../avr/lib/avr5\libm.a(fixunssfsi.o)
                0x00001a72                __fixunssfsi
 .text.avr-libc.fplib
                0x00001ad0       0x7a d:/7.0/toolchain/avr8/avr8-gnu-toolchain/bin/../lib/gcc/avr/5.4.0/../../../../avr/lib/avr5\libm.a(floatsisf.o)
                0x00001ad0                __floatunsisf
                0x00001ad4                __floatsisf
 .text.avr-libc.fplib
                0x00001b4a       0x44 d:/7.0/toolchain/avr8/avr8-gnu-toolchain/bin/../lib/gcc/avr/5.4.0/../../../../avr/lib/avr5\libm.a(fp_split3.o)
                0x00001b4a                __fp_split3
                0x00001b5a                __fp_splitA
 .text.avr-libc.fplib
                0x00001b8e        0xe d:/7.0/toolchain/avr8/avr8-gnu-toolchain/bin/../lib/gcc/avr/5.4.0/../../../../avr/lib/avr5\libm.a(fp_zero.o)
                0x00001b8e                __fp_zero
                0x00001b90                __fp_szero
 .text.avr-libc.fplib
                0x00001b9c        0x8 d:/7.0/toolchain/avr8/avr8-gnu-toolchain/bin/../lib/gcc/avr/5.4.0/../../../../avr/lib/avr5\libm.a(mulsf3.o)
                0x00001b9c                __mulsf3
 .text.avr-libc.fplib
                0x00001ba4       0xd2 d:/7.0/toolchain/avr8/avr8-gnu-toolchain/bin/../lib/gcc/avr/5.4.0/../../../../avr/lib/avr5\libm.a(mulsf3x.o)
                0x00001bc2                __mulsf3x
                0x00001bc8                __mulsf3_pse
 .text.avr-libc.fplib
                0x00001c76        0xc d:/7.0/toolchain/avr8/avr8-gnu-toolchain/bin/../lib/gcc/avr/5.4.0/../../../../avr/lib/avr5\libm.a(fp_inf.o)
                0x00001c76                __fp_inf
 .text.avr-libc.fplib
                0x00001c82        0x6 d:/7.0/toolchain/avr8/avr8-gnu-toolchain/bin/../lib/gcc/avr/5.4.0/../../../../avr/lib/avr5\libm.a(fp_nan.o)
                0x00001c82                __fp_nan
 .text.avr-libc.fplib
                0x00001c88        0xe d:/7.0/toolchain/avr8/avr8-gnu-toolchain/bin/../lib/gcc/avr/5.4.0/../../../../avr/lib/avr5\libm.a(fp_pscA.o)
                0x00001c88                __fp_pscA
 .text.avr-libc.fplib
                0x00001c96        0xe d:/7.0/toolchain/avr8/avr8-gnu-toolchain/bin/../lib/gcc/avr/5.4.0/../../../../avr/lib/avr5\libm.a(fp_pscB.o)
                0x00001c96                __fp_pscB
 .text.avr-libc.fplib
                0x00001ca4       0x22 d:/7.0/toolchain/avr8/avr8-gnu-toolchain/bin/../lib/gcc/avr/5.4.0/../../../../avr/lib/avr5\libm.a(fp_round.o)
                0x00001ca4                __fp_round
 .text.libgcc.div
                0x00001cc6       0x44 d:/7.0/toolchain/avr8/avr8-gnu-toolchain/bin/../lib/gcc/avr/5.4.0/avr5\libgcc.a(_udivmodsi4.o)
                0x00001cc6                __udivmodsi4
 .text.libgcc.mul
                0x00001d0a       0x1e d:/7.0/toolchain/avr8/avr8-gnu-toolchain/bin/../lib/gcc/avr/5.4.0/avr5\libgcc.a(_umulhisi3.o)
                0x00001d0a                __umulhisi3
                0x00001d28                . = ALIGN (0x2)
 *(.fini9)
 .fini9         0x00001d28        0x0 d:/7.0/toolchain/avr8/avr8-gnu-toolchain/bin/../lib/gcc/avr/5.4.0/avr5\libgcc.a(_exit.o)
                0x00001d28                _exit
                0x00001d28                exit
 *(.fini9)
 *(.fini8)
 *(.fini8)
 *(.fini7)
 *(.fini7)
 *(.fini6)
 *(.fini6)
 *(.fini5)
 *(.fini5)
 *(.fini4)
 *(.fini4)
 *(.fini3)
 *(.fini3)
 *(.fini2)
 *(.fini2)
 *(.fini1)
 *(.fini1)
 *(.fini0)
 .fini0         0x00001d28        0x4 d:/7.0/toolchain/avr8/avr8-gnu-toolchain/bin/../lib/gcc/avr/5.4.0/avr5\libgcc.a(_exit.o)
 *(.fini0)
                0x00001d2c                _etext = .

.data           0x00800060       0x48 load address 0x00001d2c
                0x00800060                PROVIDE (__data_start, .)
 *(.data)
 *(.data*)
 .data.xFreeBytesRemaining
                0x00800060        0x2 FreeRTOS/heap_2.o
 *(.gnu.linkonce.d*)
 *(.rodata)
 *(.rodata*)
 .rodata.str1.1
                0x00800062        0x5 FreeRTOS/tasks.o
 .rodata.str1.1
                0x00800067       0x14 main.o
 .rodata.str1.1
                0x0080007b       0x2c Rover_prog.o
                                 0x2e (size before relaxing)
 *(.gnu.linkonce.r*)
                0x008000a8                . = ALIGN (0x2)
 *fill*         0x008000a7        0x1 
                0x008000a8                _edata = .
                0x008000a8                PROVIDE (__data_end, .)

.bss            0x008000a8      0x65f
                0x008000a8                PROVIDE (__bss_start, .)
 *(.bss)
 *(.bss*)
 .bss.INT_2_PTR
                0x008000a8        0x2 EXTI_prog.o
                0x008000a8                INT_2_PTR
 .bss.INT_1_PTR
                0x008000aa        0x2 EXTI_prog.o
                0x008000aa                INT_1_PTR
 .bss.INT_0_PTR
                0x008000ac        0x2 EXTI_prog.o
                0x008000ac                INT_0_PTR
 .bss.xHeapHasBeenInitialised.2078
                0x008000ae        0x1 FreeRTOS/heap_2.o
 .bss.xEnd      0x008000af        0x4 FreeRTOS/heap_2.o
 .bss.xStart    0x008000b3        0x4 FreeRTOS/heap_2.o
 .bss.ucHeap    0x008000b7      0x5dc FreeRTOS/heap_2.o
 .bss.uxSchedulerSuspended
                0x00800693        0x1 FreeRTOS/tasks.o
 .bss.xIdleTaskHandle
                0x00800694        0x2 FreeRTOS/tasks.o
 .bss.xNextTaskUnblockTime
                0x00800696        0x2 FreeRTOS/tasks.o
 .bss.uxTaskNumber
                0x00800698        0x1 FreeRTOS/tasks.o
 .bss.xNumOfOverflows
                0x00800699        0x1 FreeRTOS/tasks.o
 .bss.xYieldPending
                0x0080069a        0x1 FreeRTOS/tasks.o
 .bss.uxPendedTicks
                0x0080069b        0x1 FreeRTOS/tasks.o
 .bss.xSchedulerRunning
                0x0080069c        0x1 FreeRTOS/tasks.o
 .bss.uxTopReadyPriority
                0x0080069d        0x1 FreeRTOS/tasks.o
 .bss.xTickCount
                0x0080069e        0x2 FreeRTOS/tasks.o
 .bss.uxCurrentNumberOfTasks
                0x008006a0        0x1 FreeRTOS/tasks.o
 .bss.xSuspendedTaskList
                0x008006a1        0x9 FreeRTOS/tasks.o
 .bss.uxDeletedTasksWaitingCleanUp
                0x008006aa        0x1 FreeRTOS/tasks.o
 .bss.xTasksWaitingTermination
                0x008006ab        0x9 FreeRTOS/tasks.o
 .bss.xPendingReadyList
                0x008006b4        0x9 FreeRTOS/tasks.o
 .bss.pxOverflowDelayedTaskList
                0x008006bd        0x2 FreeRTOS/tasks.o
 .bss.pxDelayedTaskList
                0x008006bf        0x2 FreeRTOS/tasks.o
 .bss.xDelayedTaskList2
                0x008006c1        0x9 FreeRTOS/tasks.o
 .bss.xDelayedTaskList1
                0x008006ca        0x9 FreeRTOS/tasks.o
 .bss.pxReadyTasksLists
                0x008006d3       0x24 FreeRTOS/tasks.o
 .bss.pxCurrentTCB
                0x008006f7        0x2 FreeRTOS/tasks.o
                0x008006f7                pxCurrentTCB
 .bss.CTC_ptr   0x008006f9        0x2 TIMER0_prog.o
 .bss.OVF_ptr   0x008006fb        0x2 TIMER0_prog.o
 .bss.CTC_ptr   0x008006fd        0x2 TIMER2_prog.o
 .bss.OVF_ptr   0x008006ff        0x2 TIMER2_prog.o
 *(COMMON)
 COMMON         0x00800701        0x6 Rover_prog.o
                0x00800701                Rover_state
                0x00800707                PROVIDE (__bss_end, .)
                0x00001d2c                __data_load_start = LOADADDR (.data)
                0x00001d74                __data_load_end = (__data_load_start + SIZEOF (.data))

.noinit         0x00800707        0x0
                [!provide]                PROVIDE (__noinit_start, .)
 *(.noinit*)
                [!provide]                PROVIDE (__noinit_end, .)
                0x00800707                _end = .
                [!provide]                PROVIDE (__heap_start, .)

.eeprom         0x00810000        0x0
 *(.eeprom*)
                0x00810000                __eeprom_end = .

.fuse
 *(.fuse)
 *(.lfuse)
 *(.hfuse)
 *(.efuse)

.lock
 *(.lock*)

.signature
 *(.signature*)

.user_signatures
 *(.user_signatures*)

.stab
 *(.stab)

.stabstr
 *(.stabstr)

.stab.excl
 *(.stab.excl)

.stab.exclstr
 *(.stab.exclstr)

.stab.index
 *(.stab.index)

.stab.indexstr
 *(.stab.indexstr)

.comment        0x00000000       0x30
 *(.comment)
 .comment       0x00000000       0x30 DIO_prog.o
                                 0x31 (size before relaxing)
 .comment       0x00000030       0x31 EXTI_prog.o
 .comment       0x00000030       0x31 FreeRTOS/heap_2.o
 .comment       0x00000030       0x31 FreeRTOS/list.o
 .comment       0x00000030       0x31 FreeRTOS/port.o
 .comment       0x00000030       0x31 FreeRTOS/tasks.o
 .comment       0x00000030       0x31 LCD_prog.o
 .comment       0x00000030       0x31 main.o
 .comment       0x00000030       0x31 Rover_prog.o
 .comment       0x00000030       0x31 SG90_prog.o
 .comment       0x00000030       0x31 TIMER0_prog.o
 .comment       0x00000030       0x31 TIMER1_prog.o
 .comment       0x00000030       0x31 TIMER2_prog.o
 .comment       0x00000030       0x31 UART_prog.o
 .comment       0x00000030       0x31 UltraSonic_prog.o

.note.gnu.avr.deviceinfo
                0x00000000       0x3c
 .note.gnu.avr.deviceinfo
                0x00000000       0x3c D:/7.0/Packs/atmel/ATmega_DFP/1.7.374/gcc/dev/atmega32/avr5/crtatmega32.o

.note.gnu.build-id
 *(.note.gnu.build-id)

.debug
 *(.debug)

.line
 *(.line)

.debug_srcinfo
 *(.debug_srcinfo)

.debug_sfnames
 *(.debug_sfnames)

.debug_aranges  0x00000000      0x5c8
 *(.debug_aranges)
 .debug_aranges
                0x00000000       0x40 DIO_prog.o
 .debug_aranges
                0x00000040       0x70 EXTI_prog.o
 .debug_aranges
                0x000000b0       0x40 FreeRTOS/heap_2.o
 .debug_aranges
                0x000000f0       0x40 FreeRTOS/list.o
 .debug_aranges
                0x00000130       0x50 FreeRTOS/port.o
 .debug_aranges
                0x00000180      0x158 FreeRTOS/tasks.o
 .debug_aranges
                0x000002d8       0xa8 LCD_prog.o
 .debug_aranges
                0x00000380       0x20 main.o
 .debug_aranges
                0x000003a0       0xc8 Rover_prog.o
 .debug_aranges
                0x00000468       0x28 SG90_prog.o
 .debug_aranges
                0x00000490       0x48 TIMER0_prog.o
 .debug_aranges
                0x000004d8       0x48 TIMER1_prog.o
 .debug_aranges
                0x00000520       0x48 TIMER2_prog.o
 .debug_aranges
                0x00000568       0x30 UART_prog.o
 .debug_aranges
                0x00000598       0x30 UltraSonic_prog.o

.debug_pubnames
 *(.debug_pubnames)

.debug_info     0x00000000     0x56b7
 *(.debug_info .gnu.linkonce.wi.*)
 .debug_info    0x00000000      0x4e6 D:/7.0/Packs/atmel/ATmega_DFP/1.7.374/gcc/dev/atmega32/avr5/crtatmega32.o
 .debug_info    0x000004e6      0x1b2 DIO_prog.o
 .debug_info    0x00000698      0x1ef EXTI_prog.o
 .debug_info    0x00000887      0x329 FreeRTOS/heap_2.o
 .debug_info    0x00000bb0      0x2cd FreeRTOS/list.o
 .debug_info    0x00000e7d      0x24e FreeRTOS/port.o
 .debug_info    0x000010cb     0x1a6b FreeRTOS/tasks.o
 .debug_info    0x00002b36      0xdf7 LCD_prog.o
 .debug_info    0x0000392d      0x208 main.o
 .debug_info    0x00003b35     0x1235 Rover_prog.o
 .debug_info    0x00004d6a      0x144 SG90_prog.o
 .debug_info    0x00004eae      0x188 TIMER0_prog.o
 .debug_info    0x00005036      0x1b6 TIMER1_prog.o
 .debug_info    0x000051ec      0x188 TIMER2_prog.o
 .debug_info    0x00005374       0xe4 UART_prog.o
 .debug_info    0x00005458      0x25f UltraSonic_prog.o

.debug_abbrev   0x00000000     0x169b
 *(.debug_abbrev)
 .debug_abbrev  0x00000000      0x4a3 D:/7.0/Packs/atmel/ATmega_DFP/1.7.374/gcc/dev/atmega32/avr5/crtatmega32.o
 .debug_abbrev  0x000004a3       0xa9 DIO_prog.o
 .debug_abbrev  0x0000054c       0xc6 EXTI_prog.o
 .debug_abbrev  0x00000612      0x1a0 FreeRTOS/heap_2.o
 .debug_abbrev  0x000007b2       0xf8 FreeRTOS/list.o
 .debug_abbrev  0x000008aa      0x15d FreeRTOS/port.o
 .debug_abbrev  0x00000a07      0x2b8 FreeRTOS/tasks.o
 .debug_abbrev  0x00000cbf      0x241 LCD_prog.o
 .debug_abbrev  0x00000f00       0x93 main.o
 .debug_abbrev  0x00000f93      0x22a Rover_prog.o
 .debug_abbrev  0x000011bd       0xa7 SG90_prog.o
 .debug_abbrev  0x00001264       0xc6 TIMER0_prog.o
 .debug_abbrev  0x0000132a       0xaa TIMER1_prog.o
 .debug_abbrev  0x000013d4       0xc6 TIMER2_prog.o
 .debug_abbrev  0x0000149a       0x80 UART_prog.o
 .debug_abbrev  0x0000151a      0x181 UltraSonic_prog.o

.debug_line     0x00000000     0x3070
 *(.debug_line .debug_line.* .debug_line_end)
 .debug_line    0x00000000      0x116 D:/7.0/Packs/atmel/ATmega_DFP/1.7.374/gcc/dev/atmega32/avr5/crtatmega32.o
 .debug_line    0x00000116      0x183 DIO_prog.o
 .debug_line    0x00000299      0x210 EXTI_prog.o
 .debug_line    0x000004a9      0x25c FreeRTOS/heap_2.o
 .debug_line    0x00000705      0x1b1 FreeRTOS/list.o
 .debug_line    0x000008b6      0x284 FreeRTOS/port.o
 .debug_line    0x00000b3a      0xeed FreeRTOS/tasks.o
 .debug_line    0x00001a27      0x627 LCD_prog.o
 .debug_line    0x0000204e       0x9c main.o
 .debug_line    0x000020ea      0x830 Rover_prog.o
 .debug_line    0x0000291a       0x9d SG90_prog.o
 .debug_line    0x000029b7      0x162 TIMER0_prog.o
 .debug_line    0x00002b19      0x1c3 TIMER1_prog.o
 .debug_line    0x00002cdc      0x168 TIMER2_prog.o
 .debug_line    0x00002e44       0xb0 UART_prog.o
 .debug_line    0x00002ef4      0x17c UltraSonic_prog.o

.debug_frame    0x00000000     0x1058
 *(.debug_frame)
 .debug_frame   0x00000000       0x64 DIO_prog.o
 .debug_frame   0x00000064      0x19c EXTI_prog.o
 .debug_frame   0x00000200       0x8c FreeRTOS/heap_2.o
 .debug_frame   0x0000028c       0x88 FreeRTOS/list.o
 .debug_frame   0x00000314       0xcc FreeRTOS/port.o
 .debug_frame   0x000003e0      0x52c FreeRTOS/tasks.o
 .debug_frame   0x0000090c      0x204 LCD_prog.o
 .debug_frame   0x00000b10       0x24 main.o
 .debug_frame   0x00000b34      0x1e4 Rover_prog.o
 .debug_frame   0x00000d18       0x34 SG90_prog.o
 .debug_frame   0x00000d4c      0x104 TIMER0_prog.o
 .debug_frame   0x00000e50       0x74 TIMER1_prog.o
 .debug_frame   0x00000ec4      0x104 TIMER2_prog.o
 .debug_frame   0x00000fc8       0x44 UART_prog.o
 .debug_frame   0x0000100c       0x4c UltraSonic_prog.o

.debug_str      0x00000000     0x1918
 *(.debug_str)
 .debug_str     0x00000000      0x196 D:/7.0/Packs/atmel/ATmega_DFP/1.7.374/gcc/dev/atmega32/avr5/crtatmega32.o
 .debug_str     0x00000196      0x211 DIO_prog.o
                                0x233 (size before relaxing)
 .debug_str     0x000003a7      0x124 EXTI_prog.o
                                0x2b4 (size before relaxing)
 .debug_str     0x000004cb      0x1e7 FreeRTOS/heap_2.o
                                0x309 (size before relaxing)
 .debug_str     0x000006b2      0x13c FreeRTOS/list.o
                                0x2c0 (size before relaxing)
 .debug_str     0x000007ee      0x11f FreeRTOS/port.o
                                0x2b9 (size before relaxing)
 .debug_str     0x0000090d      0x85d FreeRTOS/tasks.o
                                0xbf1 (size before relaxing)
 .debug_str     0x0000116a      0x26a LCD_prog.o
                                0x450 (size before relaxing)
 .debug_str     0x000013d4       0x6a main.o
                                0x21e (size before relaxing)
 .debug_str     0x0000143e      0x22c Rover_prog.o
                                0x511 (size before relaxing)
 .debug_str     0x0000166a       0x4b SG90_prog.o
                                0x1eb (size before relaxing)
 .debug_str     0x000016b5       0xb5 TIMER0_prog.o
                                0x245 (size before relaxing)
 .debug_str     0x0000176a       0xb7 TIMER1_prog.o
                                0x298 (size before relaxing)
 .debug_str     0x00001821       0x73 TIMER2_prog.o
                                0x243 (size before relaxing)
 .debug_str     0x00001894       0x20 UART_prog.o
                                0x1d6 (size before relaxing)
 .debug_str     0x000018b4       0x64 UltraSonic_prog.o
                                0x299 (size before relaxing)

.debug_loc      0x00000000     0x415c
 *(.debug_loc)
 .debug_loc     0x00000000      0x2a0 DIO_prog.o
 .debug_loc     0x000002a0      0x2cd EXTI_prog.o
 .debug_loc     0x0000056d      0x2a8 FreeRTOS/heap_2.o
 .debug_loc     0x00000815      0x145 FreeRTOS/list.o
 .debug_loc     0x0000095a      0x36b FreeRTOS/port.o
 .debug_loc     0x00000cc5     0x1b52 FreeRTOS/tasks.o
 .debug_loc     0x00002817      0xdeb LCD_prog.o
 .debug_loc     0x00003602      0x516 Rover_prog.o
 .debug_loc     0x00003b18       0x5d SG90_prog.o
 .debug_loc     0x00003b75      0x228 TIMER0_prog.o
 .debug_loc     0x00003d9d       0x7c TIMER1_prog.o
 .debug_loc     0x00003e19      0x228 TIMER2_prog.o
 .debug_loc     0x00004041      0x11b UltraSonic_prog.o

.debug_macinfo
 *(.debug_macinfo)

.debug_weaknames
 *(.debug_weaknames)

.debug_funcnames
 *(.debug_funcnames)

.debug_typenames
 *(.debug_typenames)

.debug_varnames
 *(.debug_varnames)

.debug_pubtypes
 *(.debug_pubtypes)

.debug_ranges   0x00000000      0x4f8
 *(.debug_ranges)
 .debug_ranges  0x00000000       0x30 DIO_prog.o
 .debug_ranges  0x00000030       0x60 EXTI_prog.o
 .debug_ranges  0x00000090       0x30 FreeRTOS/heap_2.o
 .debug_ranges  0x000000c0       0x30 FreeRTOS/list.o
 .debug_ranges  0x000000f0       0x40 FreeRTOS/port.o
 .debug_ranges  0x00000130      0x168 FreeRTOS/tasks.o
 .debug_ranges  0x00000298       0x98 LCD_prog.o
 .debug_ranges  0x00000330       0x10 main.o
 .debug_ranges  0x00000340       0xb8 Rover_prog.o
 .debug_ranges  0x000003f8       0x18 SG90_prog.o
 .debug_ranges  0x00000410       0x38 TIMER0_prog.o
 .debug_ranges  0x00000448       0x38 TIMER1_prog.o
 .debug_ranges  0x00000480       0x38 TIMER2_prog.o
 .debug_ranges  0x000004b8       0x20 UART_prog.o
 .debug_ranges  0x000004d8       0x20 UltraSonic_prog.o

.debug_macro
 *(.debug_macro)
OUTPUT(Rover_Test1.elf elf32-avr)
LOAD linker stubs
